MPLINK 4.33, Linker
Linker Map File - Created Sun Jun 06 01:29:11 2010

                                 Section Info
                  Section       Type    Address   Location Size(Bytes)
                ---------  ---------  ---------  ---------  ---------
               _entry_scn       code   0x000000    program   0x000006
           .code___init.o       code   0x000006    program   0x000002
            HighIntVector       code   0x000008    program   0x000006
        .idata___init.o_i    romdata   0x00000e    program   0x000000
      .romdata_spi_writ.o    romdata   0x00000e    program   0x000000
      .idata_spi_writ.o_i    romdata   0x00000e    program   0x000000
      .romdata_spi_open.o    romdata   0x00000e    program   0x000000
      .idata_spi_open.o_i    romdata   0x00000e    program   0x000000
      .romdata_fxd3232u.o    romdata   0x00000e    program   0x000000
        .romdata___init.o    romdata   0x00000e    program   0x000000
      .idata_fxd3232u.o_i    romdata   0x00000e    program   0x000000
      .romdata_fxd1616u.o    romdata   0x00000e    program   0x000000
      .idata_fxd1616u.o_i    romdata   0x00000e    program   0x000000
           .romdata_mcc.o    romdata   0x00000e    program   0x000000
           .idata_mcc.o_i    romdata   0x00000e    program   0x000000
      .romdata_UARTIntC.o    romdata   0x00000e    program   0x000000
      .idata_UARTIntC.o_i    romdata   0x00000e    program   0x000000
           .romdata_Can.o    romdata   0x00000e    program   0x000000
           .idata_Can.o_i    romdata   0x00000e    program   0x000004
         .idata_c018i.o_i    romdata   0x00000e    program   0x000000
    .romdata_max7221spi.o    romdata   0x00000e    program   0x000000
         .romdata_c018i.o    romdata   0x00000e    program   0x000000
          .idata_main.o_i    romdata   0x00000e    program   0x000000
          .romdata_main.o    romdata   0x00000e    program   0x000000
            .code_c018i.o       code   0x000012    program   0x000000
             LowIntVector       code   0x000018    program   0x000006
                   .cinit    romdata   0x00001e    program   0x00001a
       .code_max7221spi.o       code   0x000038    program   0x001816
              .code_mcc.o       code   0x00184e    program   0x000e5c
              .code_Can.o       code   0x0026aa    program   0x000a58
             .code_main.o       code   0x003102    program   0x000910
                     PROG       code   0x003a12    program   0x0003aa
         .code_UARTIntC.o       code   0x003dbc    program   0x0001c2
               _cinit_scn       code   0x003f7e    program   0x00009e
         .code_spi_open.o       code   0x00401c    program   0x000068
         .code_fxd3232u.o       code   0x004084    program   0x000048
         .code_spi_writ.o       code   0x0040cc    program   0x00003a
             D10KTCYXCODE       code   0x004106    program   0x00002e
         .code_fxd1616u.o       code   0x004134    program   0x00002c
             _startup_scn       code   0x004160    program   0x00001c
             D100TCYXCODE       code   0x00417c    program   0x00001c
                    .code       code   0x004198    program   0x00000e
    .idata_max7221spi.o_i    romdata   0x0041a6    program   0x000032
    .config_300001_main.o    romdata   0x300001    program   0x000001
    .config_300003_main.o    romdata   0x300003    program   0x000001
    .config_300006_main.o    romdata   0x300006    program   0x000001
                 .tmpdata      udata   0x000000       data   0x000016
                MATH_DATA      udata   0x000016       data   0x000014
                DELAYDAT2      udata   0x00002a       data   0x000001
                DELAYDAT1      udata   0x00002b       data   0x000001
      .idata_max7221spi.o      idata   0x000060       data   0x000032
        .udata_UARTIntC.o      udata   0x000092       data   0x000027
           .udata_c018i.o      udata   0x0000b9       data   0x00000a
             .idata_Can.o      idata   0x0000c3       data   0x000004
             .udata_Can.o      udata   0x000100       data   0x0000d2
            .udata_main.o      udata   0x0001d2       data   0x00002c
      .udata_max7221spi.o      udata   0x0001fe       data   0x000001
           .idata_c018i.o      idata   0x0001ff       data   0x000000
        .udata_fxd1616u.o      udata   0x0001ff       data   0x000000
        .idata_fxd1616u.o      idata   0x0001ff       data   0x000000
        .udata_fxd3232u.o      udata   0x0001ff       data   0x000000
        .idata_fxd3232u.o      idata   0x0001ff       data   0x000000
        .udata_spi_open.o      udata   0x0001ff       data   0x000000
        .idata_spi_open.o      idata   0x0001ff       data   0x000000
        .udata_spi_writ.o      udata   0x0001ff       data   0x000000
        .idata_spi_writ.o      idata   0x0001ff       data   0x000000
          .udata___init.o      udata   0x0001ff       data   0x000000
          .idata___init.o      idata   0x0001ff       data   0x000000
             .idata_mcc.o      idata   0x0001ff       data   0x000000
             .udata_mcc.o      udata   0x0001ff       data   0x000000
        .idata_UARTIntC.o      idata   0x0001ff       data   0x000000
            .idata_main.o      idata   0x0001ff       data   0x000000
                   .stack      udata   0x000500       data   0x000100
              SFR_BANKED0      udata   0x000d60       data   0x00000c
              SFR_BANKED1      udata   0x000d70       data   0x00000c
              SFR_BANKED2      udata   0x000d80       data   0x00000c
              SFR_BANKED3      udata   0x000d90       data   0x000004
              SFR_BANKED4      udata   0x000dd4       data   0x000002
              SFR_BANKED5      udata   0x000dd8       data   0x000001
              SFR_BANKED6      udata   0x000de0       data   0x000008
              SFR_BANKED7      udata   0x000df0       data   0x000004
              SFR_BANKED8      udata   0x000df8       data   0x000001
              SFR_BANKED9      udata   0x000dfa       data   0x000001
             SFR_BANKED10      udata   0x000dfc       data   0x000001
             SFR_BANKED11      udata   0x000e20       data   0x000060
             SFR_BANKED12      udata   0x000f00       data   0x000060
            SFR_UNBANKED0      udata   0x000f60       data   0x000018
            SFR_UNBANKED1      udata   0x000f80       data   0x000080



                              Program Memory Usage 
                               Start         End      
                           ---------   ---------      
                            0x000000    0x000011      
                            0x000018    0x0041d7      
                            0x300001    0x300001      
                            0x300003    0x300003      
                            0x300006    0x300006      
            16853 out of 33048 program addresses used, program memory utilization is 50%



                              Symbols - Sorted by Name
                     Name    Address   Location    Storage File                     
                ---------  ---------  ---------  --------- ---------                
                   CANGet   0x002d44    program     extern C:\Documents and Settings\X20\Desktop\NewShinyDash\Can.c
            CANGetMessage   0x002812    program     extern C:\Documents and Settings\X20\Desktop\NewShinyDash\Can.c
                   CANISR   0x002738    program     extern C:\Documents and Settings\X20\Desktop\NewShinyDash\Can.c
                  CANOpen   0x0026aa    program     extern C:\Documents and Settings\X20\Desktop\NewShinyDash\Can.c
                   CANPut   0x00293a    program     extern C:\Documents and Settings\X20\Desktop\NewShinyDash\Can.c
            CANPutMessage   0x00289e    program     extern C:\Documents and Settings\X20\Desktop\NewShinyDash\Can.c
    CANRXMessageIsPending   0x002d30    program     extern C:\Documents and Settings\X20\Desktop\NewShinyDash\Can.c
               CANSetMode   0x0030d0    program     extern C:\Documents and Settings\X20\Desktop\NewShinyDash\Can.c
              CruiseAccel   0x00387a    program     extern C:\Documents and Settings\X20\Desktop\NewShinyDash\main.c
              CruiseDecel   0x003942    program     extern C:\Documents and Settings\X20\Desktop\NewShinyDash\main.c
            CruiseDisable   0x00373a    program     extern C:\Documents and Settings\X20\Desktop\NewShinyDash\main.c
             CruiseEnable   0x00377e    program     extern C:\Documents and Settings\X20\Desktop\NewShinyDash\main.c
                   D100_1   0x00418a    program     static C:\MCC18\src\traditional\delays\d100tcyx.asm
                    D100x   0x004188    program     static C:\MCC18\src\traditional\delays\d100tcyx.asm
                   D10K_1   0x004112    program     static C:\MCC18\src\traditional\delays\d10ktcyx.asm
                    D10Kl   0x00411e    program     static C:\MCC18\src\traditional\delays\d10ktcyx.asm
                    D10Kx   0x004110    program     static C:\MCC18\src\traditional\delays\d10ktcyx.asm
                   D1616S   0x003bde    program     static C:\MCC18\src\traditional\math\fxd1616s.asm
                D1616SNEG   0x003bec    program     static C:\MCC18\src\traditional\math\fxd1616s.asm
                 D1616SOK   0x003be8    program     static C:\MCC18\src\traditional\math\fxd1616s.asm
                  D1616SX   0x003bfe    program     static C:\MCC18\src\traditional\math\fxd1616s.asm
                  DA1616S   0x003bce    program     static C:\MCC18\src\traditional\math\fxd1616s.asm
             Delay100TCYx   0x00417c    program     extern C:\MCC18\src\traditional\delays\d100tcyx.asm
             Delay10KTCYx   0x004106    program     extern C:\MCC18\src\traditional\delays\d10ktcyx.asm
          DisplayTest7221   0x0009fc    program     extern C:\Documents and Settings\X20\Desktop\NewShinyDash\max7221spi.c
                 FLO1632S   0x003a16    program     extern C:\MCC18\src\traditional\math\cast16FP.asm
                 FLO1632U   0x003a12    program     extern C:\MCC18\src\traditional\math\cast16FP.asm
                    FPD32   0x003a3c    program     extern C:\MCC18\src\traditional\math\divFP.asm
                    FPM32   0x003ae2    program     extern C:\MCC18\src\traditional\math\mulFP.asm
                 FXD1616S   0x003bbc    program     extern C:\MCC18\src\traditional\math\fxd1616s.asm
                 FXD1616U   0x004134    program     extern C:\MCC18\src\traditional\math\fxd1616u.c
                 FXD3232U   0x004084    program     extern C:\MCC18\src\traditional\math\fxd3232u.c
                 FXM1616S   0x003c08    program     extern C:\MCC18\src\traditional\math\fxm1616s.asm
                  HighInt   0x000008    program     extern C:\Documents and Settings\X20\Desktop\NewShinyDash\main.c
                  HighIsr   0x003102    program     extern C:\Documents and Settings\X20\Desktop\NewShinyDash\main.c
                  INT3208   0x003c62    program     extern C:\MCC18\src\traditional\math\castFP08.asm
              Init7221SPI   0x000038    program     extern C:\Documents and Settings\X20\Desktop\NewShinyDash\max7221spi.c
                   LowInt   0x000018    program     extern C:\Documents and Settings\X20\Desktop\NewShinyDash\main.c
                   LowIsr   0x003198    program     extern C:\Documents and Settings\X20\Desktop\NewShinyDash\main.c
               NGMCommand   0x001d12    program     extern C:\Documents and Settings\X20\Desktop\NewShinyDash\mcc.c
                NGMGetMPH   0x001c0e    program     extern C:\Documents and Settings\X20\Desktop\NewShinyDash\mcc.c
                NGMGetRPM   0x001bfa    program     extern C:\Documents and Settings\X20\Desktop\NewShinyDash\mcc.c
              NGMGetRegen   0x002692    program     extern C:\Documents and Settings\X20\Desktop\NewShinyDash\mcc.c
                   NGMPut   0x00184e    program     extern C:\Documents and Settings\X20\Desktop\NewShinyDash\mcc.c
                 NGMQuery   0x0018a2    program     extern C:\Documents and Settings\X20\Desktop\NewShinyDash\mcc.c
              NGMWriteReg   0x001f68    program     extern C:\Documents and Settings\X20\Desktop\NewShinyDash\mcc.c
                  OpenSPI   0x00401c    program     extern C:\MCC18\src\pmc_common\SPI\spi_open.c
          ParseCANMessage   0x003560    program     extern C:\Documents and Settings\X20\Desktop\NewShinyDash\main.c
         SendCANPacketRaw   0x003454    program     extern C:\Documents and Settings\X20\Desktop\NewShinyDash\main.c
             SetBarGraphL   0x00081e    program     extern C:\Documents and Settings\X20\Desktop\NewShinyDash\max7221spi.c
             SetBarGraphR   0x000906    program     extern C:\Documents and Settings\X20\Desktop\NewShinyDash\max7221spi.c
         SetIntensity7221   0x0001e8    program     extern C:\Documents and Settings\X20\Desktop\NewShinyDash\max7221spi.c
             SetStatusLED   0x0036da    program     extern C:\Documents and Settings\X20\Desktop\NewShinyDash\main.c
               TSIGN1616A   0x003c54    program     static C:\MCC18\src\traditional\math\fxm1616s.asm
           UARTIntGetChar   0x003e52    program     extern C:\Documents and Settings\X20\Desktop\NewShinyDash\UARTIntC.c
UARTIntGetRxBufferDataSize   0x003eaa    program     extern C:\Documents and Settings\X20\Desktop\NewShinyDash\UARTIntC.c
UARTIntGetTxBufferEmptySpace   0x003e3a    program     extern C:\Documents and Settings\X20\Desktop\NewShinyDash\UARTIntC.c
               UARTIntISR   0x003eb2    program     extern C:\Documents and Settings\X20\Desktop\NewShinyDash\UARTIntC.c
              UARTIntInit   0x003dbc    program     extern C:\Documents and Settings\X20\Desktop\NewShinyDash\UARTIntC.c
           UARTIntPutChar   0x003df0    program     extern C:\Documents and Settings\X20\Desktop\NewShinyDash\UARTIntC.c
           WriteDigit7221   0x000230    program     extern C:\Documents and Settings\X20\Desktop\NewShinyDash\max7221spi.c
             WriteInt7221   0x00057c    program     extern C:\Documents and Settings\X20\Desktop\NewShinyDash\max7221spi.c
             WriteReg7221   0x000170    program     extern C:\Documents and Settings\X20\Desktop\NewShinyDash\max7221spi.c
                 WriteSPI   0x0040cc    program     extern C:\MCC18\src\pmc_common\SPI\spi_writ.c
       _D100TCYXCODE_0008   0x004184    program     static C:\MCC18\src\traditional\delays\d100tcyx.asm
       _D100TCYXCODE_0012   0x00418e    program     static C:\MCC18\src\traditional\delays\d100tcyx.asm
       _D100TCYXCODE_0018   0x004194    program     static C:\MCC18\src\traditional\delays\d100tcyx.asm
       _D10KTCYXCODE_0010   0x004116    program     static C:\MCC18\src\traditional\delays\d10ktcyx.asm
       _D10KTCYXCODE_001C   0x004122    program     static C:\MCC18\src\traditional\delays\d10ktcyx.asm
                 __FpExit   0x003cbc    program     extern C:\MCC18\src\traditional\math\packFP.asm
                 __FpPack   0x003ce8    program     extern C:\MCC18\src\traditional\math\packFP.asm
            __FpReturnNaN   0x003cb0    program     extern C:\MCC18\src\traditional\math\packFP.asm
         __FpReturnNegInf   0x003cc2    program     extern C:\MCC18\src\traditional\math\packFP.asm
        __FpReturnNegZero   0x003cda    program     extern C:\MCC18\src\traditional\math\packFP.asm
         __FpReturnPosInf   0x003cc8    program     extern C:\MCC18\src\traditional\math\packFP.asm
        __FpReturnPosZero   0x003ce2    program     extern C:\MCC18\src\traditional\math\packFP.asm
        __FpReturnSignInf   0x003cbe    program     extern C:\MCC18\src\traditional\math\packFP.asm
       __FpReturnSignZero   0x003cd6    program     extern C:\MCC18\src\traditional\math\packFP.asm
              __FpReturnW   0x003d40    program     extern C:\MCC18\src\traditional\math\packFP.asm
              __FpUnPackA   0x003d60    program     extern C:\MCC18\src\traditional\math\UnpackFP.asm
              __FpUnPackB   0x003d90    program     extern C:\MCC18\src\traditional\math\UnpackFP.asm
       ___return_lbl00000   0x000004    program     static                          
       ___return_lbl00000   0x0040ca    program     static                          
       ___return_lbl00000   0x00415e    program     static                          
       ___return_lbl00000   0x00000c    program     static                          
       ___return_lbl00001   0x00417a    program     static                          
       ___return_lbl00001   0x00001c    program     static                          
       ___return_lbl00002   0x00401a    program     static                          
               __config_0   0x300001    program     static C:\Documents and Settings\X20\Desktop\NewShinyDash\main.c
               __config_1   0x300003    program     static C:\Documents and Settings\X20\Desktop\NewShinyDash\main.c
               __config_2   0x300006    program     static C:\Documents and Settings\X20\Desktop\NewShinyDash\main.c
                   __init   0x000006    program     extern C:\MCC18\src\traditional\stdclib\__init.c
            __zero_memory   0x004198    program     extern C:\MCC18\src\traditional\proc\p18F2580.asm
                _do_cinit   0x003f7e    program     extern C:\MCC18\src\traditional\startup\c018i.c
                   _entry   0x000000    program     extern C:\MCC18\src\traditional\startup\c018i.c
                   _false   0x0040c6    program     static                          
                 _startup   0x004160    program     extern C:\MCC18\src\traditional\startup\c018i.c
               clear_loop   0x00419e    program     static C:\MCC18\src\traditional\proc\p18F2580.asm
                copy_loop   0x003ff0    program     static                          
            copy_one_byte   0x003ff6    program     static                          
                     done   0x00401a    program     static                          
             done_copying   0x004004    program     static                          
                  endloop   0x00415a    program     static                          
                 jANotInf   0x003b00    program     static C:\MCC18\src\traditional\math\mulFP.asm
                 jANotInf   0x003a5a    program     static C:\MCC18\src\traditional\math\divFP.asm
                jANotZero   0x003a6e    program     static C:\MCC18\src\traditional\math\divFP.asm
              jBothFinite   0x003b0e    program     static C:\MCC18\src\traditional\math\mulFP.asm
             jBothNotZero   0x003b1a    program     static C:\MCC18\src\traditional\math\mulFP.asm
                    jExit   0x003cae    program     static C:\MCC18\src\traditional\math\castFP08.asm
                jHaveZero   0x003b16    program     static C:\MCC18\src\traditional\math\mulFP.asm
                jI2F16Beg   0x003a26    program     static C:\MCC18\src\traditional\math\cast16FP.asm
                    jLoop   0x003c96    program     static C:\MCC18\src\traditional\math\castFP08.asm
                    jLoop   0x003a96    program     static C:\MCC18\src\traditional\math\divFP.asm
                jLoopExit   0x003ca4    program     static C:\MCC18\src\traditional\math\castFP08.asm
                     jMax   0x003c72    program     static C:\MCC18\src\traditional\math\castFP08.asm
                  jMaxNeg   0x003c7c    program     static C:\MCC18\src\traditional\math\castFP08.asm
                  jMaxPos   0x003c76    program     static C:\MCC18\src\traditional\math\castFP08.asm
                    jNext   0x003abc    program     static C:\MCC18\src\traditional\math\divFP.asm
                jNoAdjust   0x003aba    program     static C:\MCC18\src\traditional\math\divFP.asm
                  jNotInf   0x003c86    program     static C:\MCC18\src\traditional\math\castFP08.asm
                  jPkLoop   0x003cf6    program     static C:\MCC18\src\traditional\math\packFP.asm
             jPkRoundDone   0x003d40    program     static C:\MCC18\src\traditional\math\packFP.asm
               jPkRoundIt   0x003d28    program     static C:\MCC18\src\traditional\math\packFP.asm
             jPkShiftDone   0x003d12    program     static C:\MCC18\src\traditional\math\packFP.asm
           jReturnPosInf0   0x003ccc    program     static C:\MCC18\src\traditional\math\packFP.asm
              jSignedZero   0x003a64    program     static C:\MCC18\src\traditional\math\divFP.asm
                  jUnpkA1   0x003d6a    program     static C:\MCC18\src\traditional\math\UnpackFP.asm
                  jUnpkA2   0x003d82    program     static C:\MCC18\src\traditional\math\UnpackFP.asm
                 jUnpkANZ   0x003d78    program     static C:\MCC18\src\traditional\math\UnpackFP.asm
                  jUnpkB1   0x003d9a    program     static C:\MCC18\src\traditional\math\UnpackFP.asm
                  jUnpkB2   0x003db2    program     static C:\MCC18\src\traditional\math\UnpackFP.asm
                 jUnpkBNZ   0x003da8    program     static C:\MCC18\src\traditional\math\UnpackFP.asm
                 jUnpkNaN   0x003d8c    program     static C:\MCC18\src\traditional\math\UnpackFP.asm
                    jZero   0x003c82    program     static C:\MCC18\src\traditional\math\castFP08.asm
               jZero1and2   0x003cd0    program     static C:\MCC18\src\traditional\math\packFP.asm
                     loop   0x004092    program     static                          
                     loop   0x004170    program     static                          
                     loop   0x00413e    program     static                          
                     main   0x003242    program     extern C:\Documents and Settings\X20\Desktop\NewShinyDash\main.c
                     test   0x003f98    program     static                          
                   ADCON0   0x000fc2       data     extern C:\MCC18\src\traditional\proc\p18F2580.asm
               ADCON0bits   0x000fc2       data     extern C:\MCC18\src\traditional\proc\p18F2580.asm
                   ADCON1   0x000fc1       data     extern C:\MCC18\src\traditional\proc\p18F2580.asm
               ADCON1bits   0x000fc1       data     extern C:\MCC18\src\traditional\proc\p18F2580.asm
                   ADCON2   0x000fc0       data     extern C:\MCC18\src\traditional\proc\p18F2580.asm
               ADCON2bits   0x000fc0       data     extern C:\MCC18\src\traditional\proc\p18F2580.asm
                    ADRES   0x000fc3       data     extern C:\MCC18\src\traditional\proc\p18F2580.asm
                   ADRESH   0x000fc4       data     extern C:\MCC18\src\traditional\proc\p18F2580.asm
                   ADRESL   0x000fc3       data     extern C:\MCC18\src\traditional\proc\p18F2580.asm
                    B0CON   0x000e20       data     extern C:\MCC18\src\traditional\proc\p18F2580.asm
                B0CONbits   0x000e20       data     extern C:\MCC18\src\traditional\proc\p18F2580.asm
                     B0D0   0x000e26       data     extern C:\MCC18\src\traditional\proc\p18F2580.asm
                 B0D0bits   0x000e26       data     extern C:\MCC18\src\traditional\proc\p18F2580.asm
                     B0D1   0x000e27       data     extern C:\MCC18\src\traditional\proc\p18F2580.asm
                 B0D1bits   0x000e27       data     extern C:\MCC18\src\traditional\proc\p18F2580.asm
                     B0D2   0x000e28       data     extern C:\MCC18\src\traditional\proc\p18F2580.asm
                 B0D2bits   0x000e28       data     extern C:\MCC18\src\traditional\proc\p18F2580.asm
                     B0D3   0x000e29       data     extern C:\MCC18\src\traditional\proc\p18F2580.asm
                 B0D3bits   0x000e29       data     extern C:\MCC18\src\traditional\proc\p18F2580.asm
                     B0D4   0x000e2a       data     extern C:\MCC18\src\traditional\proc\p18F2580.asm
                 B0D4bits   0x000e2a       data     extern C:\MCC18\src\traditional\proc\p18F2580.asm
                     B0D5   0x000e2b       data     extern C:\MCC18\src\traditional\proc\p18F2580.asm
                 B0D5bits   0x000e2b       data     extern C:\MCC18\src\traditional\proc\p18F2580.asm
                     B0D6   0x000e2c       data     extern C:\MCC18\src\traditional\proc\p18F2580.asm
                 B0D6bits   0x000e2c       data     extern C:\MCC18\src\traditional\proc\p18F2580.asm
                     B0D7   0x000e2d       data     extern C:\MCC18\src\traditional\proc\p18F2580.asm
                 B0D7bits   0x000e2d       data     extern C:\MCC18\src\traditional\proc\p18F2580.asm
                    B0DLC   0x000e25       data     extern C:\MCC18\src\traditional\proc\p18F2580.asm
                B0DLCbits   0x000e25       data     extern C:\MCC18\src\traditional\proc\p18F2580.asm
                   B0EIDH   0x000e23       data     extern C:\MCC18\src\traditional\proc\p18F2580.asm
               B0EIDHbits   0x000e23       data     extern C:\MCC18\src\traditional\proc\p18F2580.asm
                   B0EIDL   0x000e24       data     extern C:\MCC18\src\traditional\proc\p18F2580.asm
               B0EIDLbits   0x000e24       data     extern C:\MCC18\src\traditional\proc\p18F2580.asm
                   B0SIDH   0x000e21       data     extern C:\MCC18\src\traditional\proc\p18F2580.asm
               B0SIDHbits   0x000e21       data     extern C:\MCC18\src\traditional\proc\p18F2580.asm
                   B0SIDL   0x000e22       data     extern C:\MCC18\src\traditional\proc\p18F2580.asm
               B0SIDLbits   0x000e22       data     extern C:\MCC18\src\traditional\proc\p18F2580.asm
                    B1CON   0x000e30       data     extern C:\MCC18\src\traditional\proc\p18F2580.asm
                B1CONbits   0x000e30       data     extern C:\MCC18\src\traditional\proc\p18F2580.asm
                     B1D0   0x000e36       data     extern C:\MCC18\src\traditional\proc\p18F2580.asm
                 B1D0bits   0x000e36       data     extern C:\MCC18\src\traditional\proc\p18F2580.asm
                     B1D1   0x000e37       data     extern C:\MCC18\src\traditional\proc\p18F2580.asm
                 B1D1bits   0x000e37       data     extern C:\MCC18\src\traditional\proc\p18F2580.asm
                     B1D2   0x000e38       data     extern C:\MCC18\src\traditional\proc\p18F2580.asm
                 B1D2bits   0x000e38       data     extern C:\MCC18\src\traditional\proc\p18F2580.asm
                     B1D3   0x000e39       data     extern C:\MCC18\src\traditional\proc\p18F2580.asm
                 B1D3bits   0x000e39       data     extern C:\MCC18\src\traditional\proc\p18F2580.asm
                     B1D4   0x000e3a       data     extern C:\MCC18\src\traditional\proc\p18F2580.asm
                 B1D4bits   0x000e3a       data     extern C:\MCC18\src\traditional\proc\p18F2580.asm
                     B1D5   0x000e3b       data     extern C:\MCC18\src\traditional\proc\p18F2580.asm
                 B1D5bits   0x000e3b       data     extern C:\MCC18\src\traditional\proc\p18F2580.asm
                     B1D6   0x000e3c       data     extern C:\MCC18\src\traditional\proc\p18F2580.asm
                 B1D6bits   0x000e3c       data     extern C:\MCC18\src\traditional\proc\p18F2580.asm
                     B1D7   0x000e3d       data     extern C:\MCC18\src\traditional\proc\p18F2580.asm
                 B1D7bits   0x000e3d       data     extern C:\MCC18\src\traditional\proc\p18F2580.asm
                    B1DLC   0x000e35       data     extern C:\MCC18\src\traditional\proc\p18F2580.asm
                B1DLCbits   0x000e35       data     extern C:\MCC18\src\traditional\proc\p18F2580.asm
                   B1EIDH   0x000e33       data     extern C:\MCC18\src\traditional\proc\p18F2580.asm
               B1EIDHbits   0x000e33       data     extern C:\MCC18\src\traditional\proc\p18F2580.asm
                   B1EIDL   0x000e34       data     extern C:\MCC18\src\traditional\proc\p18F2580.asm
               B1EIDLbits   0x000e34       data     extern C:\MCC18\src\traditional\proc\p18F2580.asm
                   B1SIDH   0x000e31       data     extern C:\MCC18\src\traditional\proc\p18F2580.asm
               B1SIDHbits   0x000e31       data     extern C:\MCC18\src\traditional\proc\p18F2580.asm
                   B1SIDL   0x000e32       data     extern C:\MCC18\src\traditional\proc\p18F2580.asm
               B1SIDLbits   0x000e32       data     extern C:\MCC18\src\traditional\proc\p18F2580.asm
                    B2CON   0x000e40       data     extern C:\MCC18\src\traditional\proc\p18F2580.asm
                B2CONbits   0x000e40       data     extern C:\MCC18\src\traditional\proc\p18F2580.asm
                     B2D0   0x000e46       data     extern C:\MCC18\src\traditional\proc\p18F2580.asm
                 B2D0bits   0x000e46       data     extern C:\MCC18\src\traditional\proc\p18F2580.asm
                     B2D1   0x000e47       data     extern C:\MCC18\src\traditional\proc\p18F2580.asm
                 B2D1bits   0x000e47       data     extern C:\MCC18\src\traditional\proc\p18F2580.asm
                     B2D2   0x000e48       data     extern C:\MCC18\src\traditional\proc\p18F2580.asm
                 B2D2bits   0x000e48       data     extern C:\MCC18\src\traditional\proc\p18F2580.asm
                     B2D3   0x000e49       data     extern C:\MCC18\src\traditional\proc\p18F2580.asm
                 B2D3bits   0x000e49       data     extern C:\MCC18\src\traditional\proc\p18F2580.asm
                     B2D4   0x000e4a       data     extern C:\MCC18\src\traditional\proc\p18F2580.asm
                 B2D4bits   0x000e4a       data     extern C:\MCC18\src\traditional\proc\p18F2580.asm
                     B2D5   0x000e4b       data     extern C:\MCC18\src\traditional\proc\p18F2580.asm
                 B2D5bits   0x000e4b       data     extern C:\MCC18\src\traditional\proc\p18F2580.asm
                     B2D6   0x000e4c       data     extern C:\MCC18\src\traditional\proc\p18F2580.asm
                 B2D6bits   0x000e4c       data     extern C:\MCC18\src\traditional\proc\p18F2580.asm
                     B2D7   0x000e4d       data     extern C:\MCC18\src\traditional\proc\p18F2580.asm
                 B2D7bits   0x000e4d       data     extern C:\MCC18\src\traditional\proc\p18F2580.asm
                    B2DLC   0x000e45       data     extern C:\MCC18\src\traditional\proc\p18F2580.asm
                B2DLCbits   0x000e45       data     extern C:\MCC18\src\traditional\proc\p18F2580.asm
                   B2EIDH   0x000e43       data     extern C:\MCC18\src\traditional\proc\p18F2580.asm
               B2EIDHbits   0x000e43       data     extern C:\MCC18\src\traditional\proc\p18F2580.asm
                   B2EIDL   0x000e44       data     extern C:\MCC18\src\traditional\proc\p18F2580.asm
               B2EIDLbits   0x000e44       data     extern C:\MCC18\src\traditional\proc\p18F2580.asm
                   B2SIDH   0x000e41       data     extern C:\MCC18\src\traditional\proc\p18F2580.asm
               B2SIDHbits   0x000e41       data     extern C:\MCC18\src\traditional\proc\p18F2580.asm
                   B2SIDL   0x000e42       data     extern C:\MCC18\src\traditional\proc\p18F2580.asm
               B2SIDLbits   0x000e42       data     extern C:\MCC18\src\traditional\proc\p18F2580.asm
                    B3CON   0x000e50       data     extern C:\MCC18\src\traditional\proc\p18F2580.asm
                B3CONbits   0x000e50       data     extern C:\MCC18\src\traditional\proc\p18F2580.asm
                     B3D0   0x000e56       data     extern C:\MCC18\src\traditional\proc\p18F2580.asm
                 B3D0bits   0x000e56       data     extern C:\MCC18\src\traditional\proc\p18F2580.asm
                     B3D1   0x000e57       data     extern C:\MCC18\src\traditional\proc\p18F2580.asm
                 B3D1bits   0x000e57       data     extern C:\MCC18\src\traditional\proc\p18F2580.asm
                     B3D2   0x000e58       data     extern C:\MCC18\src\traditional\proc\p18F2580.asm
                 B3D2bits   0x000e58       data     extern C:\MCC18\src\traditional\proc\p18F2580.asm
                     B3D3   0x000e59       data     extern C:\MCC18\src\traditional\proc\p18F2580.asm
                 B3D3bits   0x000e59       data     extern C:\MCC18\src\traditional\proc\p18F2580.asm
                     B3D4   0x000e5a       data     extern C:\MCC18\src\traditional\proc\p18F2580.asm
                 B3D4bits   0x000e5a       data     extern C:\MCC18\src\traditional\proc\p18F2580.asm
                     B3D5   0x000e5b       data     extern C:\MCC18\src\traditional\proc\p18F2580.asm
                 B3D5bits   0x000e5b       data     extern C:\MCC18\src\traditional\proc\p18F2580.asm
                     B3D6   0x000e5c       data     extern C:\MCC18\src\traditional\proc\p18F2580.asm
                 B3D6bits   0x000e5c       data     extern C:\MCC18\src\traditional\proc\p18F2580.asm
                     B3D7   0x000e5d       data     extern C:\MCC18\src\traditional\proc\p18F2580.asm
                 B3D7bits   0x000e5d       data     extern C:\MCC18\src\traditional\proc\p18F2580.asm
                    B3DLC   0x000e55       data     extern C:\MCC18\src\traditional\proc\p18F2580.asm
                B3DLCbits   0x000e55       data     extern C:\MCC18\src\traditional\proc\p18F2580.asm
                   B3EIDH   0x000e53       data     extern C:\MCC18\src\traditional\proc\p18F2580.asm
               B3EIDHbits   0x000e53       data     extern C:\MCC18\src\traditional\proc\p18F2580.asm
                   B3EIDL   0x000e54       data     extern C:\MCC18\src\traditional\proc\p18F2580.asm
               B3EIDLbits   0x000e54       data     extern C:\MCC18\src\traditional\proc\p18F2580.asm
                   B3SIDH   0x000e51       data     extern C:\MCC18\src\traditional\proc\p18F2580.asm
               B3SIDHbits   0x000e51       data     extern C:\MCC18\src\traditional\proc\p18F2580.asm
                   B3SIDL   0x000e52       data     extern C:\MCC18\src\traditional\proc\p18F2580.asm
               B3SIDLbits   0x000e52       data     extern C:\MCC18\src\traditional\proc\p18F2580.asm
                    B4CON   0x000e60       data     extern C:\MCC18\src\traditional\proc\p18F2580.asm
                B4CONbits   0x000e60       data     extern C:\MCC18\src\traditional\proc\p18F2580.asm
                     B4D0   0x000e66       data     extern C:\MCC18\src\traditional\proc\p18F2580.asm
                 B4D0bits   0x000e66       data     extern C:\MCC18\src\traditional\proc\p18F2580.asm
                     B4D1   0x000e67       data     extern C:\MCC18\src\traditional\proc\p18F2580.asm
                 B4D1bits   0x000e67       data     extern C:\MCC18\src\traditional\proc\p18F2580.asm
                     B4D2   0x000e68       data     extern C:\MCC18\src\traditional\proc\p18F2580.asm
                 B4D2bits   0x000e68       data     extern C:\MCC18\src\traditional\proc\p18F2580.asm
                     B4D3   0x000e69       data     extern C:\MCC18\src\traditional\proc\p18F2580.asm
                 B4D3bits   0x000e69       data     extern C:\MCC18\src\traditional\proc\p18F2580.asm
                     B4D4   0x000e6a       data     extern C:\MCC18\src\traditional\proc\p18F2580.asm
                 B4D4bits   0x000e6a       data     extern C:\MCC18\src\traditional\proc\p18F2580.asm
                     B4D5   0x000e6b       data     extern C:\MCC18\src\traditional\proc\p18F2580.asm
                 B4D5bits   0x000e6b       data     extern C:\MCC18\src\traditional\proc\p18F2580.asm
                     B4D6   0x000e6c       data     extern C:\MCC18\src\traditional\proc\p18F2580.asm
                 B4D6bits   0x000e6c       data     extern C:\MCC18\src\traditional\proc\p18F2580.asm
                     B4D7   0x000e6d       data     extern C:\MCC18\src\traditional\proc\p18F2580.asm
                 B4D7bits   0x000e6d       data     extern C:\MCC18\src\traditional\proc\p18F2580.asm
                    B4DLC   0x000e65       data     extern C:\MCC18\src\traditional\proc\p18F2580.asm
                B4DLCbits   0x000e65       data     extern C:\MCC18\src\traditional\proc\p18F2580.asm
                   B4EIDH   0x000e63       data     extern C:\MCC18\src\traditional\proc\p18F2580.asm
               B4EIDHbits   0x000e63       data     extern C:\MCC18\src\traditional\proc\p18F2580.asm
                   B4EIDL   0x000e64       data     extern C:\MCC18\src\traditional\proc\p18F2580.asm
               B4EIDLbits   0x000e64       data     extern C:\MCC18\src\traditional\proc\p18F2580.asm
                   B4SIDH   0x000e61       data     extern C:\MCC18\src\traditional\proc\p18F2580.asm
               B4SIDHbits   0x000e61       data     extern C:\MCC18\src\traditional\proc\p18F2580.asm
                   B4SIDL   0x000e62       data     extern C:\MCC18\src\traditional\proc\p18F2580.asm
               B4SIDLbits   0x000e62       data     extern C:\MCC18\src\traditional\proc\p18F2580.asm
                    B5CON   0x000e70       data     extern C:\MCC18\src\traditional\proc\p18F2580.asm
                B5CONbits   0x000e70       data     extern C:\MCC18\src\traditional\proc\p18F2580.asm
                     B5D0   0x000e76       data     extern C:\MCC18\src\traditional\proc\p18F2580.asm
                 B5D0bits   0x000e76       data     extern C:\MCC18\src\traditional\proc\p18F2580.asm
                     B5D1   0x000e77       data     extern C:\MCC18\src\traditional\proc\p18F2580.asm
                 B5D1bits   0x000e77       data     extern C:\MCC18\src\traditional\proc\p18F2580.asm
                     B5D2   0x000e78       data     extern C:\MCC18\src\traditional\proc\p18F2580.asm
                 B5D2bits   0x000e78       data     extern C:\MCC18\src\traditional\proc\p18F2580.asm
                     B5D3   0x000e79       data     extern C:\MCC18\src\traditional\proc\p18F2580.asm
                 B5D3bits   0x000e79       data     extern C:\MCC18\src\traditional\proc\p18F2580.asm
                     B5D4   0x000e7a       data     extern C:\MCC18\src\traditional\proc\p18F2580.asm
                 B5D4bits   0x000e7a       data     extern C:\MCC18\src\traditional\proc\p18F2580.asm
                     B5D5   0x000e7b       data     extern C:\MCC18\src\traditional\proc\p18F2580.asm
                 B5D5bits   0x000e7b       data     extern C:\MCC18\src\traditional\proc\p18F2580.asm
                     B5D6   0x000e7c       data     extern C:\MCC18\src\traditional\proc\p18F2580.asm
                 B5D6bits   0x000e7c       data     extern C:\MCC18\src\traditional\proc\p18F2580.asm
                     B5D7   0x000e7d       data     extern C:\MCC18\src\traditional\proc\p18F2580.asm
                 B5D7bits   0x000e7d       data     extern C:\MCC18\src\traditional\proc\p18F2580.asm
                    B5DLC   0x000e75       data     extern C:\MCC18\src\traditional\proc\p18F2580.asm
                B5DLCbits   0x000e75       data     extern C:\MCC18\src\traditional\proc\p18F2580.asm
                   B5EIDH   0x000e73       data     extern C:\MCC18\src\traditional\proc\p18F2580.asm
               B5EIDHbits   0x000e73       data     extern C:\MCC18\src\traditional\proc\p18F2580.asm
                   B5EIDL   0x000e74       data     extern C:\MCC18\src\traditional\proc\p18F2580.asm
               B5EIDLbits   0x000e74       data     extern C:\MCC18\src\traditional\proc\p18F2580.asm
                   B5SIDH   0x000e71       data     extern C:\MCC18\src\traditional\proc\p18F2580.asm
               B5SIDHbits   0x000e71       data     extern C:\MCC18\src\traditional\proc\p18F2580.asm
                   B5SIDL   0x000e72       data     extern C:\MCC18\src\traditional\proc\p18F2580.asm
               B5SIDLbits   0x000e72       data     extern C:\MCC18\src\traditional\proc\p18F2580.asm
                  BAUDCON   0x000fb8       data     extern C:\MCC18\src\traditional\proc\p18F2580.asm
              BAUDCONbits   0x000fb8       data     extern C:\MCC18\src\traditional\proc\p18F2580.asm
                     BIE0   0x000dfa       data     extern C:\MCC18\src\traditional\proc\p18F2580.asm
                 BIE0bits   0x000dfa       data     extern C:\MCC18\src\traditional\proc\p18F2580.asm
                  BRGCON1   0x000f70       data     extern C:\MCC18\src\traditional\proc\p18F2580.asm
              BRGCON1bits   0x000f70       data     extern C:\MCC18\src\traditional\proc\p18F2580.asm
                  BRGCON2   0x000f71       data     extern C:\MCC18\src\traditional\proc\p18F2580.asm
              BRGCON2bits   0x000f71       data     extern C:\MCC18\src\traditional\proc\p18F2580.asm
                  BRGCON3   0x000f72       data     extern C:\MCC18\src\traditional\proc\p18F2580.asm
              BRGCON3bits   0x000f72       data     extern C:\MCC18\src\traditional\proc\p18F2580.asm
                    BSEL0   0x000df8       data     extern C:\MCC18\src\traditional\proc\p18F2580.asm
                BSEL0bits   0x000df8       data     extern C:\MCC18\src\traditional\proc\p18F2580.asm
                      BSR   0x000fe0       data     extern C:\MCC18\src\traditional\proc\p18F2580.asm
                  BarValL   0x000080       data     extern C:\Documents and Settings\X20\Desktop\NewShinyDash\max7221spi.c
                  BarValR   0x000089       data     extern C:\Documents and Settings\X20\Desktop\NewShinyDash\max7221spi.c
                   CANCON   0x000f6f       data     extern C:\MCC18\src\traditional\proc\p18F2580.asm
               CANCON_RO0   0x000f5f       data     extern C:\MCC18\src\traditional\proc\p18F2580.asm
           CANCON_RO0bits   0x000f5f       data     extern C:\MCC18\src\traditional\proc\p18F2580.asm
               CANCON_RO1   0x000f4f       data     extern C:\MCC18\src\traditional\proc\p18F2580.asm
           CANCON_RO1bits   0x000f4f       data     extern C:\MCC18\src\traditional\proc\p18F2580.asm
               CANCON_RO2   0x000f3f       data     extern C:\MCC18\src\traditional\proc\p18F2580.asm
           CANCON_RO2bits   0x000f3f       data     extern C:\MCC18\src\traditional\proc\p18F2580.asm
               CANCON_RO3   0x000f2f       data     extern C:\MCC18\src\traditional\proc\p18F2580.asm
           CANCON_RO3bits   0x000f2f       data     extern C:\MCC18\src\traditional\proc\p18F2580.asm
               CANCON_RO4   0x000e7f       data     extern C:\MCC18\src\traditional\proc\p18F2580.asm
           CANCON_RO4bits   0x000e7f       data     extern C:\MCC18\src\traditional\proc\p18F2580.asm
               CANCON_RO5   0x000e6f       data     extern C:\MCC18\src\traditional\proc\p18F2580.asm
           CANCON_RO5bits   0x000e6f       data     extern C:\MCC18\src\traditional\proc\p18F2580.asm
               CANCON_RO6   0x000e5f       data     extern C:\MCC18\src\traditional\proc\p18F2580.asm
           CANCON_RO6bits   0x000e5f       data     extern C:\MCC18\src\traditional\proc\p18F2580.asm
               CANCON_RO7   0x000e4f       data     extern C:\MCC18\src\traditional\proc\p18F2580.asm
           CANCON_RO7bits   0x000e4f       data     extern C:\MCC18\src\traditional\proc\p18F2580.asm
               CANCON_RO8   0x000e3f       data     extern C:\MCC18\src\traditional\proc\p18F2580.asm
           CANCON_RO8bits   0x000e3f       data     extern C:\MCC18\src\traditional\proc\p18F2580.asm
               CANCON_RO9   0x000e2f       data     extern C:\MCC18\src\traditional\proc\p18F2580.asm
           CANCON_RO9bits   0x000e2f       data     extern C:\MCC18\src\traditional\proc\p18F2580.asm
               CANCONbits   0x000f6f       data     extern C:\MCC18\src\traditional\proc\p18F2580.asm
                  CANSTAT   0x000f6e       data     extern C:\MCC18\src\traditional\proc\p18F2580.asm
              CANSTAT_RO0   0x000f5e       data     extern C:\MCC18\src\traditional\proc\p18F2580.asm
          CANSTAT_RO0bits   0x000f5e       data     extern C:\MCC18\src\traditional\proc\p18F2580.asm
              CANSTAT_RO1   0x000f4e       data     extern C:\MCC18\src\traditional\proc\p18F2580.asm
          CANSTAT_RO1bits   0x000f4e       data     extern C:\MCC18\src\traditional\proc\p18F2580.asm
              CANSTAT_RO2   0x000f3e       data     extern C:\MCC18\src\traditional\proc\p18F2580.asm
          CANSTAT_RO2bits   0x000f3e       data     extern C:\MCC18\src\traditional\proc\p18F2580.asm
              CANSTAT_RO3   0x000f2e       data     extern C:\MCC18\src\traditional\proc\p18F2580.asm
          CANSTAT_RO3bits   0x000f2e       data     extern C:\MCC18\src\traditional\proc\p18F2580.asm
              CANSTAT_RO4   0x000e7e       data     extern C:\MCC18\src\traditional\proc\p18F2580.asm
          CANSTAT_RO4bits   0x000e7e       data     extern C:\MCC18\src\traditional\proc\p18F2580.asm
              CANSTAT_RO5   0x000e6e       data     extern C:\MCC18\src\traditional\proc\p18F2580.asm
          CANSTAT_RO5bits   0x000e6e       data     extern C:\MCC18\src\traditional\proc\p18F2580.asm
              CANSTAT_RO6   0x000e5e       data     extern C:\MCC18\src\traditional\proc\p18F2580.asm
          CANSTAT_RO6bits   0x000e5e       data     extern C:\MCC18\src\traditional\proc\p18F2580.asm
              CANSTAT_RO7   0x000e4e       data     extern C:\MCC18\src\traditional\proc\p18F2580.asm
          CANSTAT_RO7bits   0x000e4e       data     extern C:\MCC18\src\traditional\proc\p18F2580.asm
              CANSTAT_RO8   0x000e3e       data     extern C:\MCC18\src\traditional\proc\p18F2580.asm
          CANSTAT_RO8bits   0x000e3e       data     extern C:\MCC18\src\traditional\proc\p18F2580.asm
              CANSTAT_RO9   0x000e2e       data     extern C:\MCC18\src\traditional\proc\p18F2580.asm
          CANSTAT_RO9bits   0x000e2e       data     extern C:\MCC18\src\traditional\proc\p18F2580.asm
              CANSTATbits   0x000f6e       data     extern C:\MCC18\src\traditional\proc\p18F2580.asm
                  CCP1CON   0x000fbd       data     extern C:\MCC18\src\traditional\proc\p18F2580.asm
              CCP1CONbits   0x000fbd       data     extern C:\MCC18\src\traditional\proc\p18F2580.asm
                    CCPR1   0x000fbe       data     extern C:\MCC18\src\traditional\proc\p18F2580.asm
                   CCPR1H   0x000fbf       data     extern C:\MCC18\src\traditional\proc\p18F2580.asm
                   CCPR1L   0x000fbe       data     extern C:\MCC18\src\traditional\proc\p18F2580.asm
                   CIOCON   0x000f73       data     extern C:\MCC18\src\traditional\proc\p18F2580.asm
               CIOCONbits   0x000f73       data     extern C:\MCC18\src\traditional\proc\p18F2580.asm
                  COMSTAT   0x000f74       data     extern C:\MCC18\src\traditional\proc\p18F2580.asm
              COMSTATbits   0x000f74       data     extern C:\MCC18\src\traditional\proc\p18F2580.asm
                     DDRA   0x000f92       data     extern C:\MCC18\src\traditional\proc\p18F2580.asm
                 DDRAbits   0x000f92       data     extern C:\MCC18\src\traditional\proc\p18F2580.asm
                     DDRB   0x000f93       data     extern C:\MCC18\src\traditional\proc\p18F2580.asm
                 DDRBbits   0x000f93       data     extern C:\MCC18\src\traditional\proc\p18F2580.asm
                     DDRC   0x000f94       data     extern C:\MCC18\src\traditional\proc\p18F2580.asm
                 DDRCbits   0x000f94       data     extern C:\MCC18\src\traditional\proc\p18F2580.asm
            DelayCounter1   0x00002b       data     extern C:\MCC18\src\traditional\delays\delayd1.asm
            DelayCounter2   0x00002a       data     extern C:\MCC18\src\traditional\delays\delayd2.asm
                  ECANCON   0x000f77       data     extern C:\MCC18\src\traditional\proc\p18F2580.asm
              ECANCONbits   0x000f77       data     extern C:\MCC18\src\traditional\proc\p18F2580.asm
                 ECCP1DEL   0x000fb7       data     extern C:\MCC18\src\traditional\proc\p18F2580.asm
             ECCP1DELbits   0x000fb7       data     extern C:\MCC18\src\traditional\proc\p18F2580.asm
                    EEADR   0x000fa9       data     extern C:\MCC18\src\traditional\proc\p18F2580.asm
                   EECON1   0x000fa6       data     extern C:\MCC18\src\traditional\proc\p18F2580.asm
               EECON1bits   0x000fa6       data     extern C:\MCC18\src\traditional\proc\p18F2580.asm
                   EECON2   0x000fa7       data     extern C:\MCC18\src\traditional\proc\p18F2580.asm
                   EEDATA   0x000fa8       data     extern C:\MCC18\src\traditional\proc\p18F2580.asm
                     FSR0   0x000fe9       data     extern C:\MCC18\src\traditional\proc\p18F2580.asm
                    FSR0H   0x000fea       data     extern C:\MCC18\src\traditional\proc\p18F2580.asm
                    FSR0L   0x000fe9       data     extern C:\MCC18\src\traditional\proc\p18F2580.asm
                     FSR1   0x000fe1       data     extern C:\MCC18\src\traditional\proc\p18F2580.asm
                    FSR1H   0x000fe2       data     extern C:\MCC18\src\traditional\proc\p18F2580.asm
                    FSR1L   0x000fe1       data     extern C:\MCC18\src\traditional\proc\p18F2580.asm
                     FSR2   0x000fd9       data     extern C:\MCC18\src\traditional\proc\p18F2580.asm
                    FSR2H   0x000fda       data     extern C:\MCC18\src\traditional\proc\p18F2580.asm
                    FSR2L   0x000fd9       data     extern C:\MCC18\src\traditional\proc\p18F2580.asm
                  HLVDCON   0x000fd2       data     extern C:\MCC18\src\traditional\proc\p18F2580.asm
              HLVDCONbits   0x000fd2       data     extern C:\MCC18\src\traditional\proc\p18F2580.asm
                    INDF0   0x000fef       data     extern C:\MCC18\src\traditional\proc\p18F2580.asm
                    INDF1   0x000fe7       data     extern C:\MCC18\src\traditional\proc\p18F2580.asm
                    INDF2   0x000fdf       data     extern C:\MCC18\src\traditional\proc\p18F2580.asm
                   INTCON   0x000ff2       data     extern C:\MCC18\src\traditional\proc\p18F2580.asm
                  INTCON2   0x000ff1       data     extern C:\MCC18\src\traditional\proc\p18F2580.asm
              INTCON2bits   0x000ff1       data     extern C:\MCC18\src\traditional\proc\p18F2580.asm
                  INTCON3   0x000ff0       data     extern C:\MCC18\src\traditional\proc\p18F2580.asm
              INTCON3bits   0x000ff0       data     extern C:\MCC18\src\traditional\proc\p18F2580.asm
               INTCONbits   0x000ff2       data     extern C:\MCC18\src\traditional\proc\p18F2580.asm
                     IPR1   0x000f9f       data     extern C:\MCC18\src\traditional\proc\p18F2580.asm
                 IPR1bits   0x000f9f       data     extern C:\MCC18\src\traditional\proc\p18F2580.asm
                     IPR2   0x000fa2       data     extern C:\MCC18\src\traditional\proc\p18F2580.asm
                 IPR2bits   0x000fa2       data     extern C:\MCC18\src\traditional\proc\p18F2580.asm
                     IPR3   0x000fa5       data     extern C:\MCC18\src\traditional\proc\p18F2580.asm
                 IPR3bits   0x000fa5       data     extern C:\MCC18\src\traditional\proc\p18F2580.asm
                     LATA   0x000f89       data     extern C:\MCC18\src\traditional\proc\p18F2580.asm
                 LATAbits   0x000f89       data     extern C:\MCC18\src\traditional\proc\p18F2580.asm
                     LATB   0x000f8a       data     extern C:\MCC18\src\traditional\proc\p18F2580.asm
                 LATBbits   0x000f8a       data     extern C:\MCC18\src\traditional\proc\p18F2580.asm
                     LATC   0x000f8b       data     extern C:\MCC18\src\traditional\proc\p18F2580.asm
                 LATCbits   0x000f8b       data     extern C:\MCC18\src\traditional\proc\p18F2580.asm
                   LVDCON   0x000fd2       data     extern C:\MCC18\src\traditional\proc\p18F2580.asm
               LVDCONbits   0x000fd2       data     extern C:\MCC18\src\traditional\proc\p18F2580.asm
                    MSEL0   0x000df0       data     extern C:\MCC18\src\traditional\proc\p18F2580.asm
                MSEL0bits   0x000df0       data     extern C:\MCC18\src\traditional\proc\p18F2580.asm
                    MSEL1   0x000df1       data     extern C:\MCC18\src\traditional\proc\p18F2580.asm
                MSEL1bits   0x000df1       data     extern C:\MCC18\src\traditional\proc\p18F2580.asm
                    MSEL2   0x000df2       data     extern C:\MCC18\src\traditional\proc\p18F2580.asm
                MSEL2bits   0x000df2       data     extern C:\MCC18\src\traditional\proc\p18F2580.asm
                    MSEL3   0x000df3       data     extern C:\MCC18\src\traditional\proc\p18F2580.asm
                MSEL3bits   0x000df3       data     extern C:\MCC18\src\traditional\proc\p18F2580.asm
                   OSCCON   0x000fd3       data     extern C:\MCC18\src\traditional\proc\p18F2580.asm
               OSCCONbits   0x000fd3       data     extern C:\MCC18\src\traditional\proc\p18F2580.asm
                  OSCTUNE   0x000f9b       data     extern C:\MCC18\src\traditional\proc\p18F2580.asm
              OSCTUNEbits   0x000f9b       data     extern C:\MCC18\src\traditional\proc\p18F2580.asm
                       PC   0x000ff9       data     extern C:\MCC18\src\traditional\proc\p18F2580.asm
                      PCL   0x000ff9       data     extern C:\MCC18\src\traditional\proc\p18F2580.asm
                   PCLATH   0x000ffa       data     extern C:\MCC18\src\traditional\proc\p18F2580.asm
                   PCLATU   0x000ffb       data     extern C:\MCC18\src\traditional\proc\p18F2580.asm
                     PIE1   0x000f9d       data     extern C:\MCC18\src\traditional\proc\p18F2580.asm
                 PIE1bits   0x000f9d       data     extern C:\MCC18\src\traditional\proc\p18F2580.asm
                     PIE2   0x000fa0       data     extern C:\MCC18\src\traditional\proc\p18F2580.asm
                 PIE2bits   0x000fa0       data     extern C:\MCC18\src\traditional\proc\p18F2580.asm
                     PIE3   0x000fa3       data     extern C:\MCC18\src\traditional\proc\p18F2580.asm
                 PIE3bits   0x000fa3       data     extern C:\MCC18\src\traditional\proc\p18F2580.asm
                     PIR1   0x000f9e       data     extern C:\MCC18\src\traditional\proc\p18F2580.asm
                 PIR1bits   0x000f9e       data     extern C:\MCC18\src\traditional\proc\p18F2580.asm
                     PIR2   0x000fa1       data     extern C:\MCC18\src\traditional\proc\p18F2580.asm
                 PIR2bits   0x000fa1       data     extern C:\MCC18\src\traditional\proc\p18F2580.asm
                     PIR3   0x000fa4       data     extern C:\MCC18\src\traditional\proc\p18F2580.asm
                 PIR3bits   0x000fa4       data     extern C:\MCC18\src\traditional\proc\p18F2580.asm
                   PLUSW0   0x000feb       data     extern C:\MCC18\src\traditional\proc\p18F2580.asm
                   PLUSW1   0x000fe3       data     extern C:\MCC18\src\traditional\proc\p18F2580.asm
                   PLUSW2   0x000fdb       data     extern C:\MCC18\src\traditional\proc\p18F2580.asm
                    PORTA   0x000f80       data     extern C:\MCC18\src\traditional\proc\p18F2580.asm
                PORTAbits   0x000f80       data     extern C:\MCC18\src\traditional\proc\p18F2580.asm
                    PORTB   0x000f81       data     extern C:\MCC18\src\traditional\proc\p18F2580.asm
                PORTBbits   0x000f81       data     extern C:\MCC18\src\traditional\proc\p18F2580.asm
                    PORTC   0x000f82       data     extern C:\MCC18\src\traditional\proc\p18F2580.asm
                PORTCbits   0x000f82       data     extern C:\MCC18\src\traditional\proc\p18F2580.asm
                    PORTE   0x000f84       data     extern C:\MCC18\src\traditional\proc\p18F2580.asm
                PORTEbits   0x000f84       data     extern C:\MCC18\src\traditional\proc\p18F2580.asm
                 POSTDEC0   0x000fed       data     extern C:\MCC18\src\traditional\proc\p18F2580.asm
                 POSTDEC1   0x000fe5       data     extern C:\MCC18\src\traditional\proc\p18F2580.asm
                 POSTDEC2   0x000fdd       data     extern C:\MCC18\src\traditional\proc\p18F2580.asm
                 POSTINC0   0x000fee       data     extern C:\MCC18\src\traditional\proc\p18F2580.asm
                 POSTINC1   0x000fe6       data     extern C:\MCC18\src\traditional\proc\p18F2580.asm
                 POSTINC2   0x000fde       data     extern C:\MCC18\src\traditional\proc\p18F2580.asm
                      PR2   0x000fcb       data     extern C:\MCC18\src\traditional\proc\p18F2580.asm
                  PREINC0   0x000fec       data     extern C:\MCC18\src\traditional\proc\p18F2580.asm
                  PREINC1   0x000fe4       data     extern C:\MCC18\src\traditional\proc\p18F2580.asm
                  PREINC2   0x000fdc       data     extern C:\MCC18\src\traditional\proc\p18F2580.asm
                     PROD   0x000ff3       data     extern C:\MCC18\src\traditional\proc\p18F2580.asm
                    PRODH   0x000ff4       data     extern C:\MCC18\src\traditional\proc\p18F2580.asm
                    PRODL   0x000ff3       data     extern C:\MCC18\src\traditional\proc\p18F2580.asm
                     RCON   0x000fd0       data     extern C:\MCC18\src\traditional\proc\p18F2580.asm
                 RCONbits   0x000fd0       data     extern C:\MCC18\src\traditional\proc\p18F2580.asm
                    RCREG   0x000fae       data     extern C:\MCC18\src\traditional\proc\p18F2580.asm
                    RCSTA   0x000fab       data     extern C:\MCC18\src\traditional\proc\p18F2580.asm
                RCSTAbits   0x000fab       data     extern C:\MCC18\src\traditional\proc\p18F2580.asm
                  RXB0CON   0x000f60       data     extern C:\MCC18\src\traditional\proc\p18F2580.asm
              RXB0CONbits   0x000f60       data     extern C:\MCC18\src\traditional\proc\p18F2580.asm
                   RXB0D0   0x000f66       data     extern C:\MCC18\src\traditional\proc\p18F2580.asm
               RXB0D0bits   0x000f66       data     extern C:\MCC18\src\traditional\proc\p18F2580.asm
                   RXB0D1   0x000f67       data     extern C:\MCC18\src\traditional\proc\p18F2580.asm
               RXB0D1bits   0x000f67       data     extern C:\MCC18\src\traditional\proc\p18F2580.asm
                   RXB0D2   0x000f68       data     extern C:\MCC18\src\traditional\proc\p18F2580.asm
               RXB0D2bits   0x000f68       data     extern C:\MCC18\src\traditional\proc\p18F2580.asm
                   RXB0D3   0x000f69       data     extern C:\MCC18\src\traditional\proc\p18F2580.asm
               RXB0D3bits   0x000f69       data     extern C:\MCC18\src\traditional\proc\p18F2580.asm
                   RXB0D4   0x000f6a       data     extern C:\MCC18\src\traditional\proc\p18F2580.asm
               RXB0D4bits   0x000f6a       data     extern C:\MCC18\src\traditional\proc\p18F2580.asm
                   RXB0D5   0x000f6b       data     extern C:\MCC18\src\traditional\proc\p18F2580.asm
               RXB0D5bits   0x000f6b       data     extern C:\MCC18\src\traditional\proc\p18F2580.asm
                   RXB0D6   0x000f6c       data     extern C:\MCC18\src\traditional\proc\p18F2580.asm
               RXB0D6bits   0x000f6c       data     extern C:\MCC18\src\traditional\proc\p18F2580.asm
                   RXB0D7   0x000f6d       data     extern C:\MCC18\src\traditional\proc\p18F2580.asm
               RXB0D7bits   0x000f6d       data     extern C:\MCC18\src\traditional\proc\p18F2580.asm
                  RXB0DLC   0x000f65       data     extern C:\MCC18\src\traditional\proc\p18F2580.asm
              RXB0DLCbits   0x000f65       data     extern C:\MCC18\src\traditional\proc\p18F2580.asm
                 RXB0EIDH   0x000f63       data     extern C:\MCC18\src\traditional\proc\p18F2580.asm
             RXB0EIDHbits   0x000f63       data     extern C:\MCC18\src\traditional\proc\p18F2580.asm
                 RXB0EIDL   0x000f64       data     extern C:\MCC18\src\traditional\proc\p18F2580.asm
             RXB0EIDLbits   0x000f64       data     extern C:\MCC18\src\traditional\proc\p18F2580.asm
                 RXB0SIDH   0x000f61       data     extern C:\MCC18\src\traditional\proc\p18F2580.asm
             RXB0SIDHbits   0x000f61       data     extern C:\MCC18\src\traditional\proc\p18F2580.asm
                 RXB0SIDL   0x000f62       data     extern C:\MCC18\src\traditional\proc\p18F2580.asm
             RXB0SIDLbits   0x000f62       data     extern C:\MCC18\src\traditional\proc\p18F2580.asm
                  RXB1CON   0x000f50       data     extern C:\MCC18\src\traditional\proc\p18F2580.asm
              RXB1CONbits   0x000f50       data     extern C:\MCC18\src\traditional\proc\p18F2580.asm
                   RXB1D0   0x000f56       data     extern C:\MCC18\src\traditional\proc\p18F2580.asm
               RXB1D0bits   0x000f56       data     extern C:\MCC18\src\traditional\proc\p18F2580.asm
                   RXB1D1   0x000f57       data     extern C:\MCC18\src\traditional\proc\p18F2580.asm
               RXB1D1bits   0x000f57       data     extern C:\MCC18\src\traditional\proc\p18F2580.asm
                   RXB1D2   0x000f58       data     extern C:\MCC18\src\traditional\proc\p18F2580.asm
               RXB1D2bits   0x000f58       data     extern C:\MCC18\src\traditional\proc\p18F2580.asm
                   RXB1D3   0x000f59       data     extern C:\MCC18\src\traditional\proc\p18F2580.asm
               RXB1D3bits   0x000f59       data     extern C:\MCC18\src\traditional\proc\p18F2580.asm
                   RXB1D4   0x000f5a       data     extern C:\MCC18\src\traditional\proc\p18F2580.asm
               RXB1D4bits   0x000f5a       data     extern C:\MCC18\src\traditional\proc\p18F2580.asm
                   RXB1D5   0x000f5b       data     extern C:\MCC18\src\traditional\proc\p18F2580.asm
               RXB1D5bits   0x000f5b       data     extern C:\MCC18\src\traditional\proc\p18F2580.asm
                   RXB1D6   0x000f5c       data     extern C:\MCC18\src\traditional\proc\p18F2580.asm
               RXB1D6bits   0x000f5c       data     extern C:\MCC18\src\traditional\proc\p18F2580.asm
                   RXB1D7   0x000f5d       data     extern C:\MCC18\src\traditional\proc\p18F2580.asm
               RXB1D7bits   0x000f5d       data     extern C:\MCC18\src\traditional\proc\p18F2580.asm
                  RXB1DLC   0x000f55       data     extern C:\MCC18\src\traditional\proc\p18F2580.asm
              RXB1DLCbits   0x000f55       data     extern C:\MCC18\src\traditional\proc\p18F2580.asm
                 RXB1EIDH   0x000f53       data     extern C:\MCC18\src\traditional\proc\p18F2580.asm
             RXB1EIDHbits   0x000f53       data     extern C:\MCC18\src\traditional\proc\p18F2580.asm
                 RXB1EIDL   0x000f54       data     extern C:\MCC18\src\traditional\proc\p18F2580.asm
             RXB1EIDLbits   0x000f54       data     extern C:\MCC18\src\traditional\proc\p18F2580.asm
                 RXB1SIDH   0x000f51       data     extern C:\MCC18\src\traditional\proc\p18F2580.asm
             RXB1SIDHbits   0x000f51       data     extern C:\MCC18\src\traditional\proc\p18F2580.asm
                 RXB1SIDL   0x000f52       data     extern C:\MCC18\src\traditional\proc\p18F2580.asm
             RXB1SIDLbits   0x000f52       data     extern C:\MCC18\src\traditional\proc\p18F2580.asm
                 RXERRCNT   0x000f75       data     extern C:\MCC18\src\traditional\proc\p18F2580.asm
             RXERRCNTbits   0x000f75       data     extern C:\MCC18\src\traditional\proc\p18F2580.asm
                 RXF0EIDH   0x000f02       data     extern C:\MCC18\src\traditional\proc\p18F2580.asm
             RXF0EIDHbits   0x000f02       data     extern C:\MCC18\src\traditional\proc\p18F2580.asm
                 RXF0EIDL   0x000f03       data     extern C:\MCC18\src\traditional\proc\p18F2580.asm
             RXF0EIDLbits   0x000f03       data     extern C:\MCC18\src\traditional\proc\p18F2580.asm
                 RXF0SIDH   0x000f00       data     extern C:\MCC18\src\traditional\proc\p18F2580.asm
             RXF0SIDHbits   0x000f00       data     extern C:\MCC18\src\traditional\proc\p18F2580.asm
                 RXF0SIDL   0x000f01       data     extern C:\MCC18\src\traditional\proc\p18F2580.asm
             RXF0SIDLbits   0x000f01       data     extern C:\MCC18\src\traditional\proc\p18F2580.asm
                RXF10EIDH   0x000d76       data     extern C:\MCC18\src\traditional\proc\p18F2580.asm
            RXF10EIDHbits   0x000d76       data     extern C:\MCC18\src\traditional\proc\p18F2580.asm
                RXF10EIDL   0x000d77       data     extern C:\MCC18\src\traditional\proc\p18F2580.asm
            RXF10EIDLbits   0x000d77       data     extern C:\MCC18\src\traditional\proc\p18F2580.asm
                RXF10SIDH   0x000d74       data     extern C:\MCC18\src\traditional\proc\p18F2580.asm
            RXF10SIDHbits   0x000d74       data     extern C:\MCC18\src\traditional\proc\p18F2580.asm
                RXF10SIDL   0x000d75       data     extern C:\MCC18\src\traditional\proc\p18F2580.asm
            RXF10SIDLbits   0x000d75       data     extern C:\MCC18\src\traditional\proc\p18F2580.asm
                RXF11EIDH   0x000d7a       data     extern C:\MCC18\src\traditional\proc\p18F2580.asm
            RXF11EIDHbits   0x000d7a       data     extern C:\MCC18\src\traditional\proc\p18F2580.asm
                RXF11EIDL   0x000d7b       data     extern C:\MCC18\src\traditional\proc\p18F2580.asm
            RXF11EIDLbits   0x000d7b       data     extern C:\MCC18\src\traditional\proc\p18F2580.asm
                RXF11SIDH   0x000d78       data     extern C:\MCC18\src\traditional\proc\p18F2580.asm
            RXF11SIDHbits   0x000d78       data     extern C:\MCC18\src\traditional\proc\p18F2580.asm
                RXF11SIDL   0x000d79       data     extern C:\MCC18\src\traditional\proc\p18F2580.asm
            RXF11SIDLbits   0x000d79       data     extern C:\MCC18\src\traditional\proc\p18F2580.asm
                RXF12EIDH   0x000d82       data     extern C:\MCC18\src\traditional\proc\p18F2580.asm
            RXF12EIDHbits   0x000d82       data     extern C:\MCC18\src\traditional\proc\p18F2580.asm
                RXF12EIDL   0x000d83       data     extern C:\MCC18\src\traditional\proc\p18F2580.asm
            RXF12EIDLbits   0x000d83       data     extern C:\MCC18\src\traditional\proc\p18F2580.asm
                RXF12SIDH   0x000d80       data     extern C:\MCC18\src\traditional\proc\p18F2580.asm
            RXF12SIDHbits   0x000d80       data     extern C:\MCC18\src\traditional\proc\p18F2580.asm
                RXF12SIDL   0x000d81       data     extern C:\MCC18\src\traditional\proc\p18F2580.asm
            RXF12SIDLbits   0x000d81       data     extern C:\MCC18\src\traditional\proc\p18F2580.asm
                RXF13EIDH   0x000d86       data     extern C:\MCC18\src\traditional\proc\p18F2580.asm
            RXF13EIDHbits   0x000d86       data     extern C:\MCC18\src\traditional\proc\p18F2580.asm
                RXF13EIDL   0x000d87       data     extern C:\MCC18\src\traditional\proc\p18F2580.asm
            RXF13EIDLbits   0x000d87       data     extern C:\MCC18\src\traditional\proc\p18F2580.asm
                RXF13SIDH   0x000d84       data     extern C:\MCC18\src\traditional\proc\p18F2580.asm
            RXF13SIDHbits   0x000d84       data     extern C:\MCC18\src\traditional\proc\p18F2580.asm
                RXF13SIDL   0x000d85       data     extern C:\MCC18\src\traditional\proc\p18F2580.asm
            RXF13SIDLbits   0x000d85       data     extern C:\MCC18\src\traditional\proc\p18F2580.asm
                RXF14EIDH   0x000d8a       data     extern C:\MCC18\src\traditional\proc\p18F2580.asm
            RXF14EIDHbits   0x000d8a       data     extern C:\MCC18\src\traditional\proc\p18F2580.asm
                RXF14EIDL   0x000d8b       data     extern C:\MCC18\src\traditional\proc\p18F2580.asm
            RXF14EIDLbits   0x000d8b       data     extern C:\MCC18\src\traditional\proc\p18F2580.asm
                RXF14SIDH   0x000d88       data     extern C:\MCC18\src\traditional\proc\p18F2580.asm
            RXF14SIDHbits   0x000d88       data     extern C:\MCC18\src\traditional\proc\p18F2580.asm
                RXF14SIDL   0x000d89       data     extern C:\MCC18\src\traditional\proc\p18F2580.asm
            RXF14SIDLbits   0x000d89       data     extern C:\MCC18\src\traditional\proc\p18F2580.asm
                RXF15EIDH   0x000d92       data     extern C:\MCC18\src\traditional\proc\p18F2580.asm
            RXF15EIDHbits   0x000d92       data     extern C:\MCC18\src\traditional\proc\p18F2580.asm
                RXF15EIDL   0x000d93       data     extern C:\MCC18\src\traditional\proc\p18F2580.asm
            RXF15EIDLbits   0x000d93       data     extern C:\MCC18\src\traditional\proc\p18F2580.asm
                RXF15SIDH   0x000d90       data     extern C:\MCC18\src\traditional\proc\p18F2580.asm
            RXF15SIDHbits   0x000d90       data     extern C:\MCC18\src\traditional\proc\p18F2580.asm
                RXF15SIDL   0x000d91       data     extern C:\MCC18\src\traditional\proc\p18F2580.asm
            RXF15SIDLbits   0x000d91       data     extern C:\MCC18\src\traditional\proc\p18F2580.asm
                 RXF1EIDH   0x000f06       data     extern C:\MCC18\src\traditional\proc\p18F2580.asm
             RXF1EIDHbits   0x000f06       data     extern C:\MCC18\src\traditional\proc\p18F2580.asm
                 RXF1EIDL   0x000f07       data     extern C:\MCC18\src\traditional\proc\p18F2580.asm
             RXF1EIDLbits   0x000f07       data     extern C:\MCC18\src\traditional\proc\p18F2580.asm
                 RXF1SIDH   0x000f04       data     extern C:\MCC18\src\traditional\proc\p18F2580.asm
             RXF1SIDHbits   0x000f04       data     extern C:\MCC18\src\traditional\proc\p18F2580.asm
                 RXF1SIDL   0x000f05       data     extern C:\MCC18\src\traditional\proc\p18F2580.asm
             RXF1SIDLbits   0x000f05       data     extern C:\MCC18\src\traditional\proc\p18F2580.asm
                 RXF2EIDH   0x000f0a       data     extern C:\MCC18\src\traditional\proc\p18F2580.asm
             RXF2EIDHbits   0x000f0a       data     extern C:\MCC18\src\traditional\proc\p18F2580.asm
                 RXF2EIDL   0x000f0b       data     extern C:\MCC18\src\traditional\proc\p18F2580.asm
             RXF2EIDLbits   0x000f0b       data     extern C:\MCC18\src\traditional\proc\p18F2580.asm
                 RXF2SIDH   0x000f08       data     extern C:\MCC18\src\traditional\proc\p18F2580.asm
             RXF2SIDHbits   0x000f08       data     extern C:\MCC18\src\traditional\proc\p18F2580.asm
                 RXF2SIDL   0x000f09       data     extern C:\MCC18\src\traditional\proc\p18F2580.asm
             RXF2SIDLbits   0x000f09       data     extern C:\MCC18\src\traditional\proc\p18F2580.asm
                 RXF3EIDH   0x000f0e       data     extern C:\MCC18\src\traditional\proc\p18F2580.asm
             RXF3EIDHbits   0x000f0e       data     extern C:\MCC18\src\traditional\proc\p18F2580.asm
                 RXF3EIDL   0x000f0f       data     extern C:\MCC18\src\traditional\proc\p18F2580.asm
             RXF3EIDLbits   0x000f0f       data     extern C:\MCC18\src\traditional\proc\p18F2580.asm
                 RXF3SIDH   0x000f0c       data     extern C:\MCC18\src\traditional\proc\p18F2580.asm
             RXF3SIDHbits   0x000f0c       data     extern C:\MCC18\src\traditional\proc\p18F2580.asm
                 RXF3SIDL   0x000f0d       data     extern C:\MCC18\src\traditional\proc\p18F2580.asm
             RXF3SIDLbits   0x000f0d       data     extern C:\MCC18\src\traditional\proc\p18F2580.asm
                 RXF4EIDH   0x000f12       data     extern C:\MCC18\src\traditional\proc\p18F2580.asm
             RXF4EIDHbits   0x000f12       data     extern C:\MCC18\src\traditional\proc\p18F2580.asm
                 RXF4EIDL   0x000f13       data     extern C:\MCC18\src\traditional\proc\p18F2580.asm
             RXF4EIDLbits   0x000f13       data     extern C:\MCC18\src\traditional\proc\p18F2580.asm
                 RXF4SIDH   0x000f10       data     extern C:\MCC18\src\traditional\proc\p18F2580.asm
             RXF4SIDHbits   0x000f10       data     extern C:\MCC18\src\traditional\proc\p18F2580.asm
                 RXF4SIDL   0x000f11       data     extern C:\MCC18\src\traditional\proc\p18F2580.asm
             RXF4SIDLbits   0x000f11       data     extern C:\MCC18\src\traditional\proc\p18F2580.asm
                 RXF5EIDH   0x000f16       data     extern C:\MCC18\src\traditional\proc\p18F2580.asm
             RXF5EIDHbits   0x000f16       data     extern C:\MCC18\src\traditional\proc\p18F2580.asm
                 RXF5EIDL   0x000f17       data     extern C:\MCC18\src\traditional\proc\p18F2580.asm
             RXF5EIDLbits   0x000f17       data     extern C:\MCC18\src\traditional\proc\p18F2580.asm
                 RXF5SIDH   0x000f14       data     extern C:\MCC18\src\traditional\proc\p18F2580.asm
             RXF5SIDHbits   0x000f14       data     extern C:\MCC18\src\traditional\proc\p18F2580.asm
                 RXF5SIDL   0x000f15       data     extern C:\MCC18\src\traditional\proc\p18F2580.asm
             RXF5SIDLbits   0x000f15       data     extern C:\MCC18\src\traditional\proc\p18F2580.asm
                 RXF6EIDH   0x000d62       data     extern C:\MCC18\src\traditional\proc\p18F2580.asm
             RXF6EIDHbits   0x000d62       data     extern C:\MCC18\src\traditional\proc\p18F2580.asm
                 RXF6EIDL   0x000d63       data     extern C:\MCC18\src\traditional\proc\p18F2580.asm
             RXF6EIDLbits   0x000d63       data     extern C:\MCC18\src\traditional\proc\p18F2580.asm
                 RXF6SIDH   0x000d60       data     extern C:\MCC18\src\traditional\proc\p18F2580.asm
             RXF6SIDHbits   0x000d60       data     extern C:\MCC18\src\traditional\proc\p18F2580.asm
                 RXF6SIDL   0x000d61       data     extern C:\MCC18\src\traditional\proc\p18F2580.asm
             RXF6SIDLbits   0x000d61       data     extern C:\MCC18\src\traditional\proc\p18F2580.asm
                 RXF7EIDH   0x000d66       data     extern C:\MCC18\src\traditional\proc\p18F2580.asm
             RXF7EIDHbits   0x000d66       data     extern C:\MCC18\src\traditional\proc\p18F2580.asm
                 RXF7EIDL   0x000d67       data     extern C:\MCC18\src\traditional\proc\p18F2580.asm
             RXF7EIDLbits   0x000d67       data     extern C:\MCC18\src\traditional\proc\p18F2580.asm
                 RXF7SIDH   0x000d64       data     extern C:\MCC18\src\traditional\proc\p18F2580.asm
             RXF7SIDHbits   0x000d64       data     extern C:\MCC18\src\traditional\proc\p18F2580.asm
                 RXF7SIDL   0x000d65       data     extern C:\MCC18\src\traditional\proc\p18F2580.asm
             RXF7SIDLbits   0x000d65       data     extern C:\MCC18\src\traditional\proc\p18F2580.asm
                 RXF8EIDH   0x000d6a       data     extern C:\MCC18\src\traditional\proc\p18F2580.asm
             RXF8EIDHbits   0x000d6a       data     extern C:\MCC18\src\traditional\proc\p18F2580.asm
                 RXF8EIDL   0x000d6b       data     extern C:\MCC18\src\traditional\proc\p18F2580.asm
             RXF8EIDLbits   0x000d6b       data     extern C:\MCC18\src\traditional\proc\p18F2580.asm
                 RXF8SIDH   0x000d68       data     extern C:\MCC18\src\traditional\proc\p18F2580.asm
             RXF8SIDHbits   0x000d68       data     extern C:\MCC18\src\traditional\proc\p18F2580.asm
                 RXF8SIDL   0x000d69       data     extern C:\MCC18\src\traditional\proc\p18F2580.asm
             RXF8SIDLbits   0x000d69       data     extern C:\MCC18\src\traditional\proc\p18F2580.asm
                 RXF9EIDH   0x000d72       data     extern C:\MCC18\src\traditional\proc\p18F2580.asm
             RXF9EIDHbits   0x000d72       data     extern C:\MCC18\src\traditional\proc\p18F2580.asm
                 RXF9EIDL   0x000d73       data     extern C:\MCC18\src\traditional\proc\p18F2580.asm
             RXF9EIDLbits   0x000d73       data     extern C:\MCC18\src\traditional\proc\p18F2580.asm
                 RXF9SIDH   0x000d70       data     extern C:\MCC18\src\traditional\proc\p18F2580.asm
             RXF9SIDHbits   0x000d70       data     extern C:\MCC18\src\traditional\proc\p18F2580.asm
                 RXF9SIDL   0x000d71       data     extern C:\MCC18\src\traditional\proc\p18F2580.asm
             RXF9SIDLbits   0x000d71       data     extern C:\MCC18\src\traditional\proc\p18F2580.asm
                 RXFBCON0   0x000de0       data     extern C:\MCC18\src\traditional\proc\p18F2580.asm
             RXFBCON0bits   0x000de0       data     extern C:\MCC18\src\traditional\proc\p18F2580.asm
                 RXFBCON1   0x000de1       data     extern C:\MCC18\src\traditional\proc\p18F2580.asm
             RXFBCON1bits   0x000de1       data     extern C:\MCC18\src\traditional\proc\p18F2580.asm
                 RXFBCON2   0x000de2       data     extern C:\MCC18\src\traditional\proc\p18F2580.asm
             RXFBCON2bits   0x000de2       data     extern C:\MCC18\src\traditional\proc\p18F2580.asm
                 RXFBCON3   0x000de3       data     extern C:\MCC18\src\traditional\proc\p18F2580.asm
             RXFBCON3bits   0x000de3       data     extern C:\MCC18\src\traditional\proc\p18F2580.asm
                 RXFBCON4   0x000de4       data     extern C:\MCC18\src\traditional\proc\p18F2580.asm
             RXFBCON4bits   0x000de4       data     extern C:\MCC18\src\traditional\proc\p18F2580.asm
                 RXFBCON5   0x000de5       data     extern C:\MCC18\src\traditional\proc\p18F2580.asm
             RXFBCON5bits   0x000de5       data     extern C:\MCC18\src\traditional\proc\p18F2580.asm
                 RXFBCON6   0x000de6       data     extern C:\MCC18\src\traditional\proc\p18F2580.asm
             RXFBCON6bits   0x000de6       data     extern C:\MCC18\src\traditional\proc\p18F2580.asm
                 RXFBCON7   0x000de7       data     extern C:\MCC18\src\traditional\proc\p18F2580.asm
             RXFBCON7bits   0x000de7       data     extern C:\MCC18\src\traditional\proc\p18F2580.asm
                  RXFCON0   0x000dd4       data     extern C:\MCC18\src\traditional\proc\p18F2580.asm
              RXFCON0bits   0x000dd4       data     extern C:\MCC18\src\traditional\proc\p18F2580.asm
                  RXFCON1   0x000dd5       data     extern C:\MCC18\src\traditional\proc\p18F2580.asm
              RXFCON1bits   0x000dd5       data     extern C:\MCC18\src\traditional\proc\p18F2580.asm
                 RXM0EIDH   0x000f1a       data     extern C:\MCC18\src\traditional\proc\p18F2580.asm
             RXM0EIDHbits   0x000f1a       data     extern C:\MCC18\src\traditional\proc\p18F2580.asm
                 RXM0EIDL   0x000f1b       data     extern C:\MCC18\src\traditional\proc\p18F2580.asm
             RXM0EIDLbits   0x000f1b       data     extern C:\MCC18\src\traditional\proc\p18F2580.asm
                 RXM0SIDH   0x000f18       data     extern C:\MCC18\src\traditional\proc\p18F2580.asm
             RXM0SIDHbits   0x000f18       data     extern C:\MCC18\src\traditional\proc\p18F2580.asm
                 RXM0SIDL   0x000f19       data     extern C:\MCC18\src\traditional\proc\p18F2580.asm
             RXM0SIDLbits   0x000f19       data     extern C:\MCC18\src\traditional\proc\p18F2580.asm
                 RXM1EIDH   0x000f1e       data     extern C:\MCC18\src\traditional\proc\p18F2580.asm
             RXM1EIDHbits   0x000f1e       data     extern C:\MCC18\src\traditional\proc\p18F2580.asm
[...]
                   RXB0D1   0x000f67       data     extern C:\MCC18\src\traditional\proc\p18F2580.asm
                   RXB0D2   0x000f68       data     extern C:\MCC18\src\traditional\proc\p18F2580.asm
               RXB0D2bits   0x000f68       data     extern C:\MCC18\src\traditional\proc\p18F2580.asm
               RXB0D3bits   0x000f69       data     extern C:\MCC18\src\traditional\proc\p18F2580.asm
                   RXB0D3   0x000f69       data     extern C:\MCC18\src\traditional\proc\p18F2580.asm
               RXB0D4bits   0x000f6a       data     extern C:\MCC18\src\traditional\proc\p18F2580.asm
                   RXB0D4   0x000f6a       data     extern C:\MCC18\src\traditional\proc\p18F2580.asm
                   RXB0D5   0x000f6b       data     extern C:\MCC18\src\traditional\proc\p18F2580.asm
               RXB0D5bits   0x000f6b       data     extern C:\MCC18\src\traditional\proc\p18F2580.asm
               RXB0D6bits   0x000f6c       data     extern C:\MCC18\src\traditional\proc\p18F2580.asm
                   RXB0D6   0x000f6c       data     extern C:\MCC18\src\traditional\proc\p18F2580.asm
               RXB0D7bits   0x000f6d       data     extern C:\MCC18\src\traditional\proc\p18F2580.asm
                   RXB0D7   0x000f6d       data     extern C:\MCC18\src\traditional\proc\p18F2580.asm
                  CANSTAT   0x000f6e       data     extern C:\MCC18\src\traditional\proc\p18F2580.asm
              CANSTATbits   0x000f6e       data     extern C:\MCC18\src\traditional\proc\p18F2580.asm
                   CANCON   0x000f6f       data     extern C:\MCC18\src\traditional\proc\p18F2580.asm
               CANCONbits   0x000f6f       data     extern C:\MCC18\src\traditional\proc\p18F2580.asm
                  BRGCON1   0x000f70       data     extern C:\MCC18\src\traditional\proc\p18F2580.asm
              BRGCON1bits   0x000f70       data     extern C:\MCC18\src\traditional\proc\p18F2580.asm
                  BRGCON2   0x000f71       data     extern C:\MCC18\src\traditional\proc\p18F2580.asm
              BRGCON2bits   0x000f71       data     extern C:\MCC18\src\traditional\proc\p18F2580.asm
                  BRGCON3   0x000f72       data     extern C:\MCC18\src\traditional\proc\p18F2580.asm
              BRGCON3bits   0x000f72       data     extern C:\MCC18\src\traditional\proc\p18F2580.asm
                   CIOCON   0x000f73       data     extern C:\MCC18\src\traditional\proc\p18F2580.asm
               CIOCONbits   0x000f73       data     extern C:\MCC18\src\traditional\proc\p18F2580.asm
                  COMSTAT   0x000f74       data     extern C:\MCC18\src\traditional\proc\p18F2580.asm
              COMSTATbits   0x000f74       data     extern C:\MCC18\src\traditional\proc\p18F2580.asm
             RXERRCNTbits   0x000f75       data     extern C:\MCC18\src\traditional\proc\p18F2580.asm
                 RXERRCNT   0x000f75       data     extern C:\MCC18\src\traditional\proc\p18F2580.asm
             TXERRCNTbits   0x000f76       data     extern C:\MCC18\src\traditional\proc\p18F2580.asm
                 TXERRCNT   0x000f76       data     extern C:\MCC18\src\traditional\proc\p18F2580.asm
              ECANCONbits   0x000f77       data     extern C:\MCC18\src\traditional\proc\p18F2580.asm
                  ECANCON   0x000f77       data     extern C:\MCC18\src\traditional\proc\p18F2580.asm
                PORTAbits   0x000f80       data     extern C:\MCC18\src\traditional\proc\p18F2580.asm
                    PORTA   0x000f80       data     extern C:\MCC18\src\traditional\proc\p18F2580.asm
                    PORTB   0x000f81       data     extern C:\MCC18\src\traditional\proc\p18F2580.asm
                PORTBbits   0x000f81       data     extern C:\MCC18\src\traditional\proc\p18F2580.asm
                    PORTC   0x000f82       data     extern C:\MCC18\src\traditional\proc\p18F2580.asm
                PORTCbits   0x000f82       data     extern C:\MCC18\src\traditional\proc\p18F2580.asm
                    PORTE   0x000f84       data     extern C:\MCC18\src\traditional\proc\p18F2580.asm
                PORTEbits   0x000f84       data     extern C:\MCC18\src\traditional\proc\p18F2580.asm
                 LATAbits   0x000f89       data     extern C:\MCC18\src\traditional\proc\p18F2580.asm
                     LATA   0x000f89       data     extern C:\MCC18\src\traditional\proc\p18F2580.asm
                     LATB   0x000f8a       data     extern C:\MCC18\src\traditional\proc\p18F2580.asm
                 LATBbits   0x000f8a       data     extern C:\MCC18\src\traditional\proc\p18F2580.asm
                     LATC   0x000f8b       data     extern C:\MCC18\src\traditional\proc\p18F2580.asm
                 LATCbits   0x000f8b       data     extern C:\MCC18\src\traditional\proc\p18F2580.asm
                 DDRAbits   0x000f92       data     extern C:\MCC18\src\traditional\proc\p18F2580.asm
                     DDRA   0x000f92       data     extern C:\MCC18\src\traditional\proc\p18F2580.asm
                    TRISA   0x000f92       data     extern C:\MCC18\src\traditional\proc\p18F2580.asm
                TRISAbits   0x000f92       data     extern C:\MCC18\src\traditional\proc\p18F2580.asm
                    TRISB   0x000f93       data     extern C:\MCC18\src\traditional\proc\p18F2580.asm
                TRISBbits   0x000f93       data     extern C:\MCC18\src\traditional\proc\p18F2580.asm
                 DDRBbits   0x000f93       data     extern C:\MCC18\src\traditional\proc\p18F2580.asm
                     DDRB   0x000f93       data     extern C:\MCC18\src\traditional\proc\p18F2580.asm
                    TRISC   0x000f94       data     extern C:\MCC18\src\traditional\proc\p18F2580.asm
                 DDRCbits   0x000f94       data     extern C:\MCC18\src\traditional\proc\p18F2580.asm
                     DDRC   0x000f94       data     extern C:\MCC18\src\traditional\proc\p18F2580.asm
                TRISCbits   0x000f94       data     extern C:\MCC18\src\traditional\proc\p18F2580.asm
              OSCTUNEbits   0x000f9b       data     extern C:\MCC18\src\traditional\proc\p18F2580.asm
                  OSCTUNE   0x000f9b       data     extern C:\MCC18\src\traditional\proc\p18F2580.asm
                     PIE1   0x000f9d       data     extern C:\MCC18\src\traditional\proc\p18F2580.asm
                 PIE1bits   0x000f9d       data     extern C:\MCC18\src\traditional\proc\p18F2580.asm
                 PIR1bits   0x000f9e       data     extern C:\MCC18\src\traditional\proc\p18F2580.asm
                     PIR1   0x000f9e       data     extern C:\MCC18\src\traditional\proc\p18F2580.asm
                     IPR1   0x000f9f       data     extern C:\MCC18\src\traditional\proc\p18F2580.asm
                 IPR1bits   0x000f9f       data     extern C:\MCC18\src\traditional\proc\p18F2580.asm
                 PIE2bits   0x000fa0       data     extern C:\MCC18\src\traditional\proc\p18F2580.asm
                     PIE2   0x000fa0       data     extern C:\MCC18\src\traditional\proc\p18F2580.asm
                     PIR2   0x000fa1       data     extern C:\MCC18\src\traditional\proc\p18F2580.asm
                 PIR2bits   0x000fa1       data     extern C:\MCC18\src\traditional\proc\p18F2580.asm
                 IPR2bits   0x000fa2       data     extern C:\MCC18\src\traditional\proc\p18F2580.asm
                     IPR2   0x000fa2       data     extern C:\MCC18\src\traditional\proc\p18F2580.asm
                     PIE3   0x000fa3       data     extern C:\MCC18\src\traditional\proc\p18F2580.asm
                 PIE3bits   0x000fa3       data     extern C:\MCC18\src\traditional\proc\p18F2580.asm
                     PIR3   0x000fa4       data     extern C:\MCC18\src\traditional\proc\p18F2580.asm
                 PIR3bits   0x000fa4       data     extern C:\MCC18\src\traditional\proc\p18F2580.asm
                     IPR3   0x000fa5       data     extern C:\MCC18\src\traditional\proc\p18F2580.asm
                 IPR3bits   0x000fa5       data     extern C:\MCC18\src\traditional\proc\p18F2580.asm
               EECON1bits   0x000fa6       data     extern C:\MCC18\src\traditional\proc\p18F2580.asm
                   EECON1   0x000fa6       data     extern C:\MCC18\src\traditional\proc\p18F2580.asm
                   EECON2   0x000fa7       data     extern C:\MCC18\src\traditional\proc\p18F2580.asm
                   EEDATA   0x000fa8       data     extern C:\MCC18\src\traditional\proc\p18F2580.asm
                    EEADR   0x000fa9       data     extern C:\MCC18\src\traditional\proc\p18F2580.asm
                    RCSTA   0x000fab       data     extern C:\MCC18\src\traditional\proc\p18F2580.asm
                RCSTAbits   0x000fab       data     extern C:\MCC18\src\traditional\proc\p18F2580.asm
                TXSTAbits   0x000fac       data     extern C:\MCC18\src\traditional\proc\p18F2580.asm
                    TXSTA   0x000fac       data     extern C:\MCC18\src\traditional\proc\p18F2580.asm
                    TXREG   0x000fad       data     extern C:\MCC18\src\traditional\proc\p18F2580.asm
                    RCREG   0x000fae       data     extern C:\MCC18\src\traditional\proc\p18F2580.asm
                    SPBRG   0x000faf       data     extern C:\MCC18\src\traditional\proc\p18F2580.asm
                   SPBRGH   0x000fb0       data     extern C:\MCC18\src\traditional\proc\p18F2580.asm
                T3CONbits   0x000fb1       data     extern C:\MCC18\src\traditional\proc\p18F2580.asm
                    T3CON   0x000fb1       data     extern C:\MCC18\src\traditional\proc\p18F2580.asm
                    TMR3L   0x000fb2       data     extern C:\MCC18\src\traditional\proc\p18F2580.asm
                    TMR3H   0x000fb3       data     extern C:\MCC18\src\traditional\proc\p18F2580.asm
             ECCP1DELbits   0x000fb7       data     extern C:\MCC18\src\traditional\proc\p18F2580.asm
                 ECCP1DEL   0x000fb7       data     extern C:\MCC18\src\traditional\proc\p18F2580.asm
              BAUDCONbits   0x000fb8       data     extern C:\MCC18\src\traditional\proc\p18F2580.asm
                  BAUDCON   0x000fb8       data     extern C:\MCC18\src\traditional\proc\p18F2580.asm
              CCP1CONbits   0x000fbd       data     extern C:\MCC18\src\traditional\proc\p18F2580.asm
                  CCP1CON   0x000fbd       data     extern C:\MCC18\src\traditional\proc\p18F2580.asm
                   CCPR1L   0x000fbe       data     extern C:\MCC18\src\traditional\proc\p18F2580.asm
                    CCPR1   0x000fbe       data     extern C:\MCC18\src\traditional\proc\p18F2580.asm
                   CCPR1H   0x000fbf       data     extern C:\MCC18\src\traditional\proc\p18F2580.asm
               ADCON2bits   0x000fc0       data     extern C:\MCC18\src\traditional\proc\p18F2580.asm
                   ADCON2   0x000fc0       data     extern C:\MCC18\src\traditional\proc\p18F2580.asm
               ADCON1bits   0x000fc1       data     extern C:\MCC18\src\traditional\proc\p18F2580.asm
                   ADCON1   0x000fc1       data     extern C:\MCC18\src\traditional\proc\p18F2580.asm
               ADCON0bits   0x000fc2       data     extern C:\MCC18\src\traditional\proc\p18F2580.asm
                   ADCON0   0x000fc2       data     extern C:\MCC18\src\traditional\proc\p18F2580.asm
                    ADRES   0x000fc3       data     extern C:\MCC18\src\traditional\proc\p18F2580.asm
                   ADRESL   0x000fc3       data     extern C:\MCC18\src\traditional\proc\p18F2580.asm
                   ADRESH   0x000fc4       data     extern C:\MCC18\src\traditional\proc\p18F2580.asm
                  SSPCON2   0x000fc5       data     extern C:\MCC18\src\traditional\proc\p18F2580.asm
              SSPCON2bits   0x000fc5       data     extern C:\MCC18\src\traditional\proc\p18F2580.asm
                  SSPCON1   0x000fc6       data     extern C:\MCC18\src\traditional\proc\p18F2580.asm
              SSPCON1bits   0x000fc6       data     extern C:\MCC18\src\traditional\proc\p18F2580.asm
                  SSPSTAT   0x000fc7       data     extern C:\MCC18\src\traditional\proc\p18F2580.asm
              SSPSTATbits   0x000fc7       data     extern C:\MCC18\src\traditional\proc\p18F2580.asm
                   SSPADD   0x000fc8       data     extern C:\MCC18\src\traditional\proc\p18F2580.asm
                   SSPBUF   0x000fc9       data     extern C:\MCC18\src\traditional\proc\p18F2580.asm
                    T2CON   0x000fca       data     extern C:\MCC18\src\traditional\proc\p18F2580.asm
                T2CONbits   0x000fca       data     extern C:\MCC18\src\traditional\proc\p18F2580.asm
                      PR2   0x000fcb       data     extern C:\MCC18\src\traditional\proc\p18F2580.asm
                     TMR2   0x000fcc       data     extern C:\MCC18\src\traditional\proc\p18F2580.asm
                T1CONbits   0x000fcd       data     extern C:\MCC18\src\traditional\proc\p18F2580.asm
                    T1CON   0x000fcd       data     extern C:\MCC18\src\traditional\proc\p18F2580.asm
                    TMR1L   0x000fce       data     extern C:\MCC18\src\traditional\proc\p18F2580.asm
                    TMR1H   0x000fcf       data     extern C:\MCC18\src\traditional\proc\p18F2580.asm
                 RCONbits   0x000fd0       data     extern C:\MCC18\src\traditional\proc\p18F2580.asm
                     RCON   0x000fd0       data     extern C:\MCC18\src\traditional\proc\p18F2580.asm
               WDTCONbits   0x000fd1       data     extern C:\MCC18\src\traditional\proc\p18F2580.asm
                   WDTCON   0x000fd1       data     extern C:\MCC18\src\traditional\proc\p18F2580.asm
                   LVDCON   0x000fd2       data     extern C:\MCC18\src\traditional\proc\p18F2580.asm
               LVDCONbits   0x000fd2       data     extern C:\MCC18\src\traditional\proc\p18F2580.asm
              HLVDCONbits   0x000fd2       data     extern C:\MCC18\src\traditional\proc\p18F2580.asm
                  HLVDCON   0x000fd2       data     extern C:\MCC18\src\traditional\proc\p18F2580.asm
                   OSCCON   0x000fd3       data     extern C:\MCC18\src\traditional\proc\p18F2580.asm
               OSCCONbits   0x000fd3       data     extern C:\MCC18\src\traditional\proc\p18F2580.asm
                T0CONbits   0x000fd5       data     extern C:\MCC18\src\traditional\proc\p18F2580.asm
                    T0CON   0x000fd5       data     extern C:\MCC18\src\traditional\proc\p18F2580.asm
                    TMR0L   0x000fd6       data     extern C:\MCC18\src\traditional\proc\p18F2580.asm
                    TMR0H   0x000fd7       data     extern C:\MCC18\src\traditional\proc\p18F2580.asm
                   STATUS   0x000fd8       data     extern C:\MCC18\src\traditional\proc\p18F2580.asm
               STATUSbits   0x000fd8       data     extern C:\MCC18\src\traditional\proc\p18F2580.asm
                    FSR2L   0x000fd9       data     extern C:\MCC18\src\traditional\proc\p18F2580.asm
                     FSR2   0x000fd9       data     extern C:\MCC18\src\traditional\proc\p18F2580.asm
                    FSR2H   0x000fda       data     extern C:\MCC18\src\traditional\proc\p18F2580.asm
                   PLUSW2   0x000fdb       data     extern C:\MCC18\src\traditional\proc\p18F2580.asm
                  PREINC2   0x000fdc       data     extern C:\MCC18\src\traditional\proc\p18F2580.asm
                 POSTDEC2   0x000fdd       data     extern C:\MCC18\src\traditional\proc\p18F2580.asm
                 POSTINC2   0x000fde       data     extern C:\MCC18\src\traditional\proc\p18F2580.asm
                    INDF2   0x000fdf       data     extern C:\MCC18\src\traditional\proc\p18F2580.asm
                      BSR   0x000fe0       data     extern C:\MCC18\src\traditional\proc\p18F2580.asm
                    FSR1L   0x000fe1       data     extern C:\MCC18\src\traditional\proc\p18F2580.asm
                     FSR1   0x000fe1       data     extern C:\MCC18\src\traditional\proc\p18F2580.asm
                    FSR1H   0x000fe2       data     extern C:\MCC18\src\traditional\proc\p18F2580.asm
                   PLUSW1   0x000fe3       data     extern C:\MCC18\src\traditional\proc\p18F2580.asm
                  PREINC1   0x000fe4       data     extern C:\MCC18\src\traditional\proc\p18F2580.asm
                 POSTDEC1   0x000fe5       data     extern C:\MCC18\src\traditional\proc\p18F2580.asm
                 POSTINC1   0x000fe6       data     extern C:\MCC18\src\traditional\proc\p18F2580.asm
                    INDF1   0x000fe7       data     extern C:\MCC18\src\traditional\proc\p18F2580.asm
                     WREG   0x000fe8       data     extern C:\MCC18\src\traditional\proc\p18F2580.asm
                    FSR0L   0x000fe9       data     extern C:\MCC18\src\traditional\proc\p18F2580.asm
                     FSR0   0x000fe9       data     extern C:\MCC18\src\traditional\proc\p18F2580.asm
                    FSR0H   0x000fea       data     extern C:\MCC18\src\traditional\proc\p18F2580.asm
                   PLUSW0   0x000feb       data     extern C:\MCC18\src\traditional\proc\p18F2580.asm
                  PREINC0   0x000fec       data     extern C:\MCC18\src\traditional\proc\p18F2580.asm
                 POSTDEC0   0x000fed       data     extern C:\MCC18\src\traditional\proc\p18F2580.asm
                 POSTINC0   0x000fee       data     extern C:\MCC18\src\traditional\proc\p18F2580.asm
                    INDF0   0x000fef       data     extern C:\MCC18\src\traditional\proc\p18F2580.asm
              INTCON3bits   0x000ff0       data     extern C:\MCC18\src\traditional\proc\p18F2580.asm
                  INTCON3   0x000ff0       data     extern C:\MCC18\src\traditional\proc\p18F2580.asm
              INTCON2bits   0x000ff1       data     extern C:\MCC18\src\traditional\proc\p18F2580.asm
                  INTCON2   0x000ff1       data     extern C:\MCC18\src\traditional\proc\p18F2580.asm
               INTCONbits   0x000ff2       data     extern C:\MCC18\src\traditional\proc\p18F2580.asm
                   INTCON   0x000ff2       data     extern C:\MCC18\src\traditional\proc\p18F2580.asm
                     PROD   0x000ff3       data     extern C:\MCC18\src\traditional\proc\p18F2580.asm
                    PRODL   0x000ff3       data     extern C:\MCC18\src\traditional\proc\p18F2580.asm
                    PRODH   0x000ff4       data     extern C:\MCC18\src\traditional\proc\p18F2580.asm
                   TABLAT   0x000ff5       data     extern C:\MCC18\src\traditional\proc\p18F2580.asm
                   TBLPTR   0x000ff6       data     extern C:\MCC18\src\traditional\proc\p18F2580.asm
                  TBLPTRL   0x000ff6       data     extern C:\MCC18\src\traditional\proc\p18F2580.asm
                  TBLPTRH   0x000ff7       data     extern C:\MCC18\src\traditional\proc\p18F2580.asm
                  TBLPTRU   0x000ff8       data     extern C:\MCC18\src\traditional\proc\p18F2580.asm
                       PC   0x000ff9       data     extern C:\MCC18\src\traditional\proc\p18F2580.asm
                      PCL   0x000ff9       data     extern C:\MCC18\src\traditional\proc\p18F2580.asm
                   PCLATH   0x000ffa       data     extern C:\MCC18\src\traditional\proc\p18F2580.asm
                   PCLATU   0x000ffb       data     extern C:\MCC18\src\traditional\proc\p18F2580.asm
                   STKPTR   0x000ffc       data     extern C:\MCC18\src\traditional\proc\p18F2580.asm
               STKPTRbits   0x000ffc       data     extern C:\MCC18\src\traditional\proc\p18F2580.asm
                     TOSL   0x000ffd       data     extern C:\MCC18\src\traditional\proc\p18F2580.asm
                      TOS   0x000ffd       data     extern C:\MCC18\src\traditional\proc\p18F2580.asm
                     TOSH   0x000ffe       data     extern C:\MCC18\src\traditional\proc\p18F2580.asm
                     TOSU   0x000fff       data     extern C:\MCC18\src\traditional\proc\p18F2580.asm


